Archive member included to satisfy reference by file (symbol)

libbb/lib.a(appletlib.o)      /usr/lib/gcc-cross/aarch64-linux-gnu/9/../../../../aarch64-linux-gnu/lib/../lib/Scrt1.o (main)
libbb/lib.a(compare_string_array.o)
                              libbb/lib.a(appletlib.o) (is_prefixed_with)
libbb/lib.a(concat_path_file.o)
                              libbb/lib.a(appletlib.o) (concat_path_file)
libbb/lib.a(default_error_retval.o)
                              libbb/lib.a(appletlib.o) (xfunc_error_retval)
libbb/lib.a(get_last_path_component.o)
                              libbb/lib.a(appletlib.o) (bb_basename)
libbb/lib.a(last_char_is.o)   libbb/lib.a(concat_path_file.o) (last_char_is)
libbb/lib.a(llist.o)          libbb/lib.a(appletlib.o) (llist_free)
libbb/lib.a(messages.o)       libbb/lib.a(appletlib.o) (bb_busybox_exec_path)
libbb/lib.a(perror_msg.o)     libbb/lib.a(appletlib.o) (bb_simple_perror_msg)
libbb/lib.a(ptr_to_globals.o)
                              libbb/lib.a(appletlib.o) (bb_errno)
libbb/lib.a(skip_whitespace.o)
                              libbb/lib.a(appletlib.o) (skip_whitespace)
libbb/lib.a(verror_msg.o)     libbb/lib.a(perror_msg.o) (bb_verror_msg)
libbb/lib.a(wfopen.o)         libbb/lib.a(appletlib.o) (fopen_for_read)
libbb/lib.a(xfunc_die.o)      libbb/lib.a(appletlib.o) (xfunc_die)
libbb/lib.a(xfuncs.o)         libbb/lib.a(appletlib.o) (full_write1_str)
libbb/lib.a(xfuncs_printf.o)  libbb/lib.a(wfopen.o) (bb_die_memory_exhausted)
libbb/lib.a(xreadlink.o)      libbb/lib.a(appletlib.o) (xmalloc_readlink)
libbb/lib.a(copyfd.o)         libbb/lib.a(xfuncs_printf.o) (bb_copyfd_eof)
libbb/lib.a(full_write.o)     libbb/lib.a(verror_msg.o) (full_write)
libbb/lib.a(read.o)           libbb/lib.a(copyfd.o) (safe_read)
libbb/lib.a(safe_write.o)     libbb/lib.a(full_write.o) (safe_write)
libbb/lib.a(signals.o)        libbb/lib.a(xfuncs_printf.o) (kill_myself_with_sig)
libbb/lib.a(time.o)           libbb/lib.a(xfuncs_printf.o) (monotonic_us)
libbb/lib.a(xgetcwd.o)        libbb/lib.a(xreadlink.o) (xrealloc_getcwd_or_warn)
libbb/lib.a(bb_strtonum.o)    libbb/lib.a(time.o) (bb_strtoll)
libpwdgrp/lib.a(pwd_grp.o)    libbb/lib.a(appletlib.o) (bb_internal_getpwnam)
libpwdgrp/lib.a(uidgid_get.o)
                              libbb/lib.a(appletlib.o) (get_uidgid)
loginutils/lib.a(add-remove-shell.o)
                              libbb/lib.a(appletlib.o) (add_remove_shell_main)
loginutils/lib.a(addgroup.o)  libbb/lib.a(appletlib.o) (addgroup_main)
loginutils/lib.a(adduser.o)   libbb/lib.a(appletlib.o) (adduser_main)
loginutils/lib.a(chpasswd.o)  libbb/lib.a(appletlib.o) (chpasswd_main)
loginutils/lib.a(cryptpw.o)   libbb/lib.a(appletlib.o) (cryptpw_main)
loginutils/lib.a(deluser.o)   libbb/lib.a(appletlib.o) (deluser_main)
loginutils/lib.a(getty.o)     libbb/lib.a(appletlib.o) (getty_main)
loginutils/lib.a(login.o)     libbb/lib.a(appletlib.o) (login_main)
loginutils/lib.a(passwd.o)    libbb/lib.a(appletlib.o) (passwd_main)
loginutils/lib.a(su.o)        libbb/lib.a(appletlib.o) (su_main)
loginutils/lib.a(sulogin.o)   libbb/lib.a(appletlib.o) (sulogin_main)
loginutils/lib.a(vlock.o)     libbb/lib.a(appletlib.o) (vlock_main)
mailutils/lib.a(makemime.o)   libbb/lib.a(appletlib.o) (makemime_main)
mailutils/lib.a(popmaildir.o)
                              libbb/lib.a(appletlib.o) (popmaildir_main)
mailutils/lib.a(reformime.o)  libbb/lib.a(appletlib.o) (reformime_main)
mailutils/lib.a(sendmail.o)   libbb/lib.a(appletlib.o) (sendmail_main)
mailutils/lib.a(mail.o)       mailutils/lib.a(popmaildir.o) (launch_helper)
miscutils/lib.a(adjtimex.o)   libbb/lib.a(appletlib.o) (adjtimex_main)
miscutils/lib.a(ascii.o)      libbb/lib.a(appletlib.o) (ascii_main)
miscutils/lib.a(bc.o)         libbb/lib.a(appletlib.o) (bc_main)
miscutils/lib.a(beep.o)       libbb/lib.a(appletlib.o) (beep_main)
miscutils/lib.a(chat.o)       libbb/lib.a(appletlib.o) (chat_main)
miscutils/lib.a(conspy.o)     libbb/lib.a(appletlib.o) (conspy_main)
miscutils/lib.a(crond.o)      libbb/lib.a(appletlib.o) (crond_main)
miscutils/lib.a(crontab.o)    libbb/lib.a(appletlib.o) (crontab_main)
miscutils/lib.a(devmem.o)     libbb/lib.a(appletlib.o) (devmem_main)
miscutils/lib.a(fbsplash.o)   libbb/lib.a(appletlib.o) (fbsplash_main)
miscutils/lib.a(hdparm.o)     libbb/lib.a(appletlib.o) (hdparm_main)
miscutils/lib.a(hexedit.o)    libbb/lib.a(appletlib.o) (hexedit_main)
miscutils/lib.a(i2c_tools.o)  libbb/lib.a(appletlib.o) (i2cget_main)
miscutils/lib.a(less.o)       libbb/lib.a(appletlib.o) (less_main)
miscutils/lib.a(lsscsi.o)     libbb/lib.a(appletlib.o) (lsscsi_main)
miscutils/lib.a(makedevs.o)   libbb/lib.a(appletlib.o) (makedevs_main)
miscutils/lib.a(man.o)        libbb/lib.a(appletlib.o) (man_main)
miscutils/lib.a(microcom.o)   libbb/lib.a(appletlib.o) (microcom_main)
miscutils/lib.a(mt.o)         libbb/lib.a(appletlib.o) (mt_main)
miscutils/lib.a(nandwrite.o)  libbb/lib.a(appletlib.o) (nandwrite_main)
[...]
Memory Configuration

Name             Origin             Length             Attributes
*default*        0x0000000000000000 0xffffffffffffffff

Linker script and memory map

LOAD /usr/lib/gcc-cross/aarch64-linux-gnu/9/../../../../aarch64-linux-gnu/lib/../lib/Scrt1.o
LOAD /usr/lib/gcc-cross/aarch64-linux-gnu/9/../../../../aarch64-linux-gnu/lib/../lib/crti.o
LOAD /usr/lib/gcc-cross/aarch64-linux-gnu/9/crtbeginS.o
START GROUP
LOAD applets/built-in.o
LOAD archival/lib.a
LOAD archival/libarchive/lib.a
LOAD console-tools/lib.a
LOAD coreutils/lib.a
LOAD coreutils/libcoreutils/lib.a
LOAD debianutils/lib.a
LOAD klibc-utils/lib.a
LOAD e2fsprogs/lib.a
LOAD editors/lib.a
LOAD findutils/lib.a
LOAD init/lib.a
LOAD libbb/lib.a
LOAD libpwdgrp/lib.a
LOAD loginutils/lib.a
LOAD mailutils/lib.a
LOAD miscutils/lib.a
LOAD modutils/lib.a
LOAD networking/lib.a
LOAD networking/libiproute/lib.a
LOAD networking/udhcp/lib.a
LOAD printutils/lib.a
LOAD procps/lib.a
LOAD runit/lib.a
LOAD selinux/lib.a
LOAD shell/lib.a
LOAD sysklogd/lib.a
LOAD util-linux/lib.a
LOAD util-linux/volume_id/lib.a
LOAD archival/built-in.o
LOAD archival/libarchive/built-in.o
LOAD console-tools/built-in.o
LOAD coreutils/built-in.o
LOAD coreutils/libcoreutils/built-in.o
LOAD debianutils/built-in.o
LOAD klibc-utils/built-in.o
LOAD e2fsprogs/built-in.o
LOAD editors/built-in.o
LOAD findutils/built-in.o
LOAD init/built-in.o
LOAD libbb/built-in.o
LOAD libpwdgrp/built-in.o
LOAD loginutils/built-in.o
LOAD mailutils/built-in.o
LOAD miscutils/built-in.o
LOAD modutils/built-in.o
LOAD networking/built-in.o
LOAD networking/libiproute/built-in.o
LOAD networking/udhcp/built-in.o
LOAD printutils/built-in.o
LOAD procps/built-in.o
LOAD runit/built-in.o
LOAD selinux/built-in.o
LOAD shell/built-in.o
LOAD sysklogd/built-in.o
LOAD util-linux/built-in.o
LOAD util-linux/volume_id/built-in.o
END GROUP
START GROUP
LOAD /usr/lib/gcc-cross/aarch64-linux-gnu/9/../../../../aarch64-linux-gnu/lib/../lib/libm.so
LOAD /usr/lib/gcc-cross/aarch64-linux-gnu/9/../../../../aarch64-linux-gnu/lib/../lib/libresolv.so
END GROUP
LOAD /usr/lib/gcc-cross/aarch64-linux-gnu/9/libgcc.a
LOAD /usr/lib/gcc-cross/aarch64-linux-gnu/9/libgcc_eh.a
LOAD /usr/lib/gcc-cross/aarch64-linux-gnu/9/../../../../aarch64-linux-gnu/lib/../lib/libc.so
START GROUP
LOAD /usr/aarch64-linux-gnu/lib/libc.so.6
LOAD /usr/aarch64-linux-gnu/lib/libc_nonshared.a
LOAD /usr/aarch64-linux-gnu/lib/ld-linux-aarch64.so.1
END GROUP
LOAD /usr/lib/gcc-cross/aarch64-linux-gnu/9/libgcc.a
LOAD /usr/lib/gcc-cross/aarch64-linux-gnu/9/libgcc_eh.a
LOAD /usr/lib/gcc-cross/aarch64-linux-gnu/9/crtendS.o
LOAD /usr/lib/gcc-cross/aarch64-linux-gnu/9/../../../../aarch64-linux-gnu/lib/../lib/crtn.o
                [!provide]                        PROVIDE (__executable_start = SEGMENT_START ("text-segment", 0x0))
                0x0000000000000238                . = (SEGMENT_START ("text-segment", 0x0) + SIZEOF_HEADERS)

.interp         0x0000000000000238       0x1b
 *(SORT_BY_ALIGNMENT(.interp))
 .interp        0x0000000000000238       0x1b /usr/lib/gcc-cross/aarch64-linux-gnu/9/../../../../aarch64-linux-gnu/lib/../lib/Scrt1.o

.note.gnu.build-id
                0x0000000000000254       0x24
 *(SORT_BY_ALIGNMENT(.note.gnu.build-id))
 .note.gnu.build-id
                0x0000000000000254       0x24 /usr/lib/gcc-cross/aarch64-linux-gnu/9/../../../../aarch64-linux-gnu/lib/../lib/Scrt1.o

.note.ABI-tag   0x0000000000000278       0x20
 .note.ABI-tag  0x0000000000000278       0x20 /usr/lib/gcc-cross/aarch64-linux-gnu/9/../../../../aarch64-linux-gnu/lib/../lib/Scrt1.o

.hash
 *(SORT_BY_ALIGNMENT(.hash))

.gnu.hash       0x0000000000000298       0x1c
 *(SORT_BY_ALIGNMENT(.gnu.hash))
 .gnu.hash      0x0000000000000298       0x1c /usr/lib/gcc-cross/aarch64-linux-gnu/9/../../../../aarch64-linux-gnu/lib/../lib/Scrt1.o

.dynsym         0x00000000000002b8     0x2760
 *(SORT_BY_ALIGNMENT(.dynsym))
 .dynsym        0x00000000000002b8     0x2760 /usr/lib/gcc-cross/aarch64-linux-gnu/9/../../../../aarch64-linux-gnu/lib/../lib/Scrt1.o

.dynstr         0x0000000000002a18      0xf1e
 *(SORT_BY_ALIGNMENT(.dynstr))
 .dynstr        0x0000000000002a18      0xf1e /usr/lib/gcc-cross/aarch64-linux-gnu/9/../../../../aarch64-linux-gnu/lib/../lib/Scrt1.o

.gnu.version    0x0000000000003936      0x348
 *(SORT_BY_ALIGNMENT(.gnu.version))
 .gnu.version   0x0000000000003936      0x348 /usr/lib/gcc-cross/aarch64-linux-gnu/9/../../../../aarch64-linux-gnu/lib/../lib/Scrt1.o

.gnu.version_d  0x0000000000003c80        0x0
 *(SORT_BY_ALIGNMENT(.gnu.version_d))
 .gnu.version_d
                0x0000000000003c80        0x0 /usr/lib/gcc-cross/aarch64-linux-gnu/9/../../../../aarch64-linux-gnu/lib/../lib/Scrt1.o

.gnu.version_r  0x0000000000003c80       0xc0
 *(SORT_BY_ALIGNMENT(.gnu.version_r))
 .gnu.version_r
                0x0000000000003c80       0xc0 /usr/lib/gcc-cross/aarch64-linux-gnu/9/../../../../aarch64-linux-gnu/lib/../lib/Scrt1.o

.rela.dyn       0x0000000000003d40     0x7bf0
 *(SORT_BY_ALIGNMENT(.rela.init))
 *(SORT_BY_ALIGNMENT(.rela.text) SORT_BY_ALIGNMENT(.rela.text.*) SORT_BY_ALIGNMENT(.rela.gnu.linkonce.t.*))
 *(SORT_BY_ALIGNMENT(.rela.fini))
 *(SORT_BY_ALIGNMENT(.rela.rodata) SORT_BY_ALIGNMENT(.rela.rodata.*) SORT_BY_ALIGNMENT(.rela.gnu.linkonce.r.*))
 *(SORT_BY_ALIGNMENT(.rela.data) SORT_BY_ALIGNMENT(.rela.data.*) SORT_BY_ALIGNMENT(.rela.gnu.linkonce.d.*))
 .rela.data.rel.ro
                0x0000000000003d40        0x0 /usr/lib/gcc-cross/aarch64-linux-gnu/9/../../../../aarch64-linux-gnu/lib/../lib/Scrt1.o
 .rela.data.rel.local
                0x0000000000003d40       0x18 /usr/lib/gcc-cross/aarch64-linux-gnu/9/../../../../aarch64-linux-gnu/lib/../lib/Scrt1.o
 .rela.data.rel.ro.applet_main
                0x0000000000003d58     0x25b0 /usr/lib/gcc-cross/aarch64-linux-gnu/9/../../../../aarch64-linux-gnu/lib/../lib/Scrt1.o
 .rela.data.rel.ro.local.install_dir
                0x0000000000006308       0x78 /usr/lib/gcc-cross/aarch64-linux-gnu/9/../../../../aarch64-linux-gnu/lib/../lib/Scrt1.o
 .rela.data.rel.local.msg_eol
                0x0000000000006380       0x18 /usr/lib/gcc-cross/aarch64-linux-gnu/9/../../../../aarch64-linux-gnu/lib/../lib/Scrt1.o
 .rela.data.rel.ro.local.const_gr_db
                0x0000000000006398       0x18 /usr/lib/gcc-cross/aarch64-linux-gnu/9/../../../../aarch64-linux-gnu/lib/../lib/Scrt1.o
 .rela.data.rel.ro.local.const_pw_db
                0x00000000000063b0       0x18 /usr/lib/gcc-cross/aarch64-linux-gnu/9/../../../../aarch64-linux-gnu/lib/../lib/Scrt1.o
 .rela.data.rel.ro.local.const_sp_db
                0x00000000000063c8       0x18 /usr/lib/gcc-cross/aarch64-linux-gnu/9/../../../../aarch64-linux-gnu/lib/../lib/Scrt1.o
 .rela.data.rel.ro.local.msg.13015
                0x00000000000063e0       0x48 /usr/lib/gcc-cross/aarch64-linux-gnu/9/../../../../aarch64-linux-gnu/lib/../lib/Scrt1.o
 .rela.data.rel.ro.local.zxc_program_ops
                0x0000000000006428       0x90 /usr/lib/gcc-cross/aarch64-linux-gnu/9/../../../../aarch64-linux-gnu/lib/../lib/Scrt1.o
 .rela.data.rel.ro.local.SpecAry.11167
                0x00000000000064b8       0xc0 /usr/lib/gcc-cross/aarch64-linux-gnu/9/../../../../aarch64-linux-gnu/lib/../lib/Scrt1.o
 .rela.data.rel.ro.local.pio_modes.11367
                0x0000000000006578       0x18 /usr/lib/gcc-cross/aarch64-linux-gnu/9/../../../../aarch64-linux-gnu/lib/../lib/Scrt1.o
 .rela.data.rel.ro.local.ultra_modes1.11369
                0x0000000000006590       0x18 /usr/lib/gcc-cross/aarch64-linux-gnu/9/../../../../aarch64-linux-gnu/lib/../lib/Scrt1.o
 .rela.data.rel.ro.local.ultra_modes2.11370
                0x00000000000065a8       0x18 /usr/lib/gcc-cross/aarch64-linux-gnu/9/../../../../aarch64-linux-gnu/lib/../lib/Scrt1.o
 .rela.data.rel.ro.local.adap_descs
                0x00000000000065c0       0xc0 /usr/lib/gcc-cross/aarch64-linux-gnu/9/../../../../aarch64-linux-gnu/lib/../lib/Scrt1.o
 .rela.data.rel.ro.local.i2c_funcs_tab
                0x0000000000006680      0x168 /usr/lib/gcc-cross/aarch64-linux-gnu/9/../../../../aarch64-linux-gnu/lib/../lib/Scrt1.o
 .rela.data.rel.ro.local.mpl.11076
                0x00000000000067e8       0x30 /usr/lib/gcc-cross/aarch64-linux-gnu/9/../../../../aarch64-linux-gnu/lib/../lib/Scrt1.o
 .rela.data.rel.ro.local.shortcuts
                0x0000000000006818      0x138 /usr/lib/gcc-cross/aarch64-linux-gnu/9/../../../../aarch64-linux-gnu/lib/../lib/Scrt1.o
 .rela.data.rel.ro.local.http_response
                0x0000000000006950      0x1e0 /usr/lib/gcc-cross/aarch64-linux-gnu/9/../../../../aarch64-linux-gnu/lib/../lib/Scrt1.o
 .rela.data.rel.ro.local.Arg1Opt
                0x0000000000006b30      0x180 /usr/lib/gcc-cross/aarch64-linux-gnu/9/../../../../aarch64-linux-gnu/lib/../lib/Scrt1.o
 .rela.data.rel.ro.local.OptArray
                0x0000000000006cb0      0x228 /usr/lib/gcc-cross/aarch64-linux-gnu/9/../../../../aarch64-linux-gnu/lib/../lib/Scrt1.o
 .rela.data.rel.ro.local.method_table
                0x0000000000006ed8       0xf0 /usr/lib/gcc-cross/aarch64-linux-gnu/9/../../../../aarch64-linux-gnu/lib/../lib/Scrt1.o
 .rela.data.rel.ro.local.addr_fams.11328
                0x0000000000006fc8       0x48 /usr/lib/gcc-cross/aarch64-linux-gnu/9/../../../../aarch64-linux-gnu/lib/../lib/Scrt1.o
 .rela.data.rel.ro.local.addr_inet
                0x0000000000007010       0x30 /usr/lib/gcc-cross/aarch64-linux-gnu/9/../../../../aarch64-linux-gnu/lib/../lib/Scrt1.o
 .rela.data.rel.ro.local.addr_inet6
                0x0000000000007040       0x30 /usr/lib/gcc-cross/aarch64-linux-gnu/9/../../../../aarch64-linux-gnu/lib/../lib/Scrt1.o
 .rela.data.rel.ro.local.addr_link
                0x0000000000007070       0x30 /usr/lib/gcc-cross/aarch64-linux-gnu/9/../../../../aarch64-linux-gnu/lib/../lib/Scrt1.o
 .rela.data.rel.ro.local.link_methods
                0x00000000000070a0       0x48 /usr/lib/gcc-cross/aarch64-linux-gnu/9/../../../../aarch64-linux-gnu/lib/../lib/Scrt1.o
 .rela.data.rel.ro.local.methods
                0x00000000000070e8      0x1f8 /usr/lib/gcc-cross/aarch64-linux-gnu/9/../../../../aarch64-linux-gnu/lib/../lib/Scrt1.o
 .rela.data.rel.ro.local.methods6
                0x00000000000072e0      0x120 /usr/lib/gcc-cross/aarch64-linux-gnu/9/../../../../aarch64-linux-gnu/lib/../lib/Scrt1.o
 .rela.data.rel.ro.local.builtins
                0x0000000000007400       0xf0 /usr/lib/gcc-cross/aarch64-linux-gnu/9/../../../../aarch64-linux-gnu/lib/../lib/Scrt1.o
 .rela.data.rel.ro.local.aftypes
                0x00000000000074f0       0x48 /usr/lib/gcc-cross/aarch64-linux-gnu/9/../../../../aarch64-linux-gnu/lib/../lib/Scrt1.o
 .rela.data.rel.ro.local.ether_hwtype
                0x0000000000007538       0x60 /usr/lib/gcc-cross/aarch64-linux-gnu/9/../../../../aarch64-linux-gnu/lib/../lib/Scrt1.o
 .rela.data.rel.ro.local.hwtypes
                0x0000000000007598       0x90 /usr/lib/gcc-cross/aarch64-linux-gnu/9/../../../../aarch64-linux-gnu/lib/../lib/Scrt1.o
 .rela.data.rel.ro.local.ib_hwtype
                0x0000000000007628       0x60 /usr/lib/gcc-cross/aarch64-linux-gnu/9/../../../../aarch64-linux-gnu/lib/../lib/Scrt1.o
 .rela.data.rel.ro.local.if_port_text
                0x0000000000007688       0xa8 /usr/lib/gcc-cross/aarch64-linux-gnu/9/../../../../aarch64-linux-gnu/lib/../lib/Scrt1.o
 .rela.data.rel.ro.local.inet6_aftype
                0x0000000000007730       0x60 /usr/lib/gcc-cross/aarch64-linux-gnu/9/../../../../aarch64-linux-gnu/lib/../lib/Scrt1.o
 .rela.data.rel.ro.local.inet_aftype
                0x0000000000007790       0x60 /usr/lib/gcc-cross/aarch64-linux-gnu/9/../../../../aarch64-linux-gnu/lib/../lib/Scrt1.o
 .rela.data.rel.ro.local.loop_hwtype
                0x00000000000077f0       0x30 /usr/lib/gcc-cross/aarch64-linux-gnu/9/../../../../aarch64-linux-gnu/lib/../lib/Scrt1.o
 .rela.data.rel.ro.local.ppp_hwtype
                0x0000000000007820       0x30 /usr/lib/gcc-cross/aarch64-linux-gnu/9/../../../../aarch64-linux-gnu/lib/../lib/Scrt1.o
 .rela.data.rel.ro.local.sit_hwtype
                0x0000000000007850       0x48 /usr/lib/gcc-cross/aarch64-linux-gnu/9/../../../../aarch64-linux-gnu/lib/../lib/Scrt1.o
 .rela.data.rel.ro.local.ss_fmt
                0x0000000000007898       0x48 /usr/lib/gcc-cross/aarch64-linux-gnu/9/../../../../aarch64-linux-gnu/lib/../lib/Scrt1.o
 .rela.data.rel.ro.local.unspec_aftype
                0x00000000000078e0       0x60 /usr/lib/gcc-cross/aarch64-linux-gnu/9/../../../../aarch64-linux-gnu/lib/../lib/Scrt1.o
 .rela.data.rel.ro.local.unspec_hwtype
                0x0000000000007940       0x48 /usr/lib/gcc-cross/aarch64-linux-gnu/9/../../../../aarch64-linux-gnu/lib/../lib/Scrt1.o
 .rela.data.rel.ro.local.ip_func_ptrs.12338
                0x0000000000007988       0xd8 /usr/lib/gcc-cross/aarch64-linux-gnu/9/../../../../aarch64-linux-gnu/lib/../lib/Scrt1.o
 .rela.data.rel.ro.local.long_options.11266
                0x0000000000007a60       0x60 /usr/lib/gcc-cross/aarch64-linux-gnu/9/../../../../aarch64-linux-gnu/lib/../lib/Scrt1.o
 .rela.data.rel.ro.local.tcp_state
                0x0000000000007ac0      0x120 /usr/lib/gcc-cross/aarch64-linux-gnu/9/../../../../aarch64-linux-gnu/lib/../lib/Scrt1.o
 .rela.data.rel.ro.local.rcodes
                0x0000000000007be0      0x180 /usr/lib/gcc-cross/aarch64-linux-gnu/9/../../../../aarch64-linux-gnu/lib/../lib/Scrt1.o
 .rela.data.rel.ro.local.ttab.11407
                0x0000000000007d60      0x1c8 /usr/lib/gcc-cross/aarch64-linux-gnu/9/../../../../aarch64-linux-gnu/lib/../lib/Scrt1.o
 .rela.data.rel.ro.local.ttab6.11408
                0x0000000000007f28      0x168 /usr/lib/gcc-cross/aarch64-linux-gnu/9/../../../../aarch64-linux-gnu/lib/../lib/Scrt1.o
 .rela.data.rel.ro.local.init_tab.11072
                0x0000000000008090       0xf0 /usr/lib/gcc-cross/aarch64-linux-gnu/9/../../../../aarch64-linux-gnu/lib/../lib/Scrt1.o
 .rela.data.rel.ro.local.keywords
                0x0000000000008180      0x4c8 /usr/lib/gcc-cross/aarch64-linux-gnu/9/../../../../aarch64-linux-gnu/lib/../lib/Scrt1.o
 .rela.data.rel.ro.local.init_functions
                0x0000000000008648      0x120 /usr/lib/gcc-cross/aarch64-linux-gnu/9/../../../../aarch64-linux-gnu/lib/../lib/Scrt1.o
 .rela.data.rel.ro.local.proc_name
                0x0000000000008768       0x90 /usr/lib/gcc-cross/aarch64-linux-gnu/9/../../../../aarch64-linux-gnu/lib/../lib/Scrt1.o
 .rela.data.rel.ro.local.out_spec
                0x00000000000087f8      0x330 /usr/lib/gcc-cross/aarch64-linux-gnu/9/../../../../aarch64-linux-gnu/lib/../lib/Scrt1.o
 .rela.data.rel.local.g_parsefile
                0x0000000000008b28       0x18 /usr/lib/gcc-cross/aarch64-linux-gnu/9/../../../../aarch64-linux-gnu/lib/../lib/Scrt1.o
 .rela.data.rel.ro.local.builtintab
                0x0000000000008b40      0x858 /usr/lib/gcc-cross/aarch64-linux-gnu/9/../../../../aarch64-linux-gnu/lib/../lib/Scrt1.o
 .rela.data.rel.ro.local.null_bltin.13729
                0x0000000000009398       0x30 /usr/lib/gcc-cross/aarch64-linux-gnu/9/../../../../aarch64-linux-gnu/lib/../lib/Scrt1.o
 .rela.data.rel.ro.local.optletters_optnames
                0x00000000000093c8      0x198 /usr/lib/gcc-cross/aarch64-linux-gnu/9/../../../../aarch64-linux-gnu/lib/../lib/Scrt1.o
 .rela.data.rel.ro.local.tokname_array
                0x0000000000009560      0x2d0 /usr/lib/gcc-cross/aarch64-linux-gnu/9/../../../../aarch64-linux-gnu/lib/../lib/Scrt1.o
 .rela.data.rel.ro.local.varinit_data
                0x0000000000009830      0x1c8 /usr/lib/gcc-cross/aarch64-linux-gnu/9/../../../../aarch64-linux-gnu/lib/../lib/Scrt1.o
 .rela.data.rel.ro.local.bltins1
                0x00000000000099f8      0x810 /usr/lib/gcc-cross/aarch64-linux-gnu/9/../../../../aarch64-linux-gnu/lib/../lib/Scrt1.o
 .rela.data.rel.ro.local.bltins2
                0x000000000000a208      0x120 /usr/lib/gcc-cross/aarch64-linux-gnu/9/../../../../aarch64-linux-gnu/lib/../lib/Scrt1.o
 .rela.data.rel.ro.local.encoded_dollar_at_argv.12986
                0x000000000000a328       0x18 /usr/lib/gcc-cross/aarch64-linux-gnu/9/../../../../aarch64-linux-gnu/lib/../lib/Scrt1.o
 .rela.data.rel.local.facilitynames
                0x000000000000a340      0x210 /usr/lib/gcc-cross/aarch64-linux-gnu/9/../../../../aarch64-linux-gnu/lib/../lib/Scrt1.o
 .rela.data.rel.local.prioritynames
                0x000000000000a550      0x120 /usr/lib/gcc-cross/aarch64-linux-gnu/9/../../../../aarch64-linux-gnu/lib/../lib/Scrt1.o
 .rela.data.rel.ro.local.init_data
                0x000000000000a670       0x18 /usr/lib/gcc-cross/aarch64-linux-gnu/9/../../../../aarch64-linux-gnu/lib/../lib/Scrt1.o
 .rela.data.rel.ro.local.f_act_tab
                0x000000000000a688       0x60 /usr/lib/gcc-cross/aarch64-linux-gnu/9/../../../../aarch64-linux-gnu/lib/../lib/Scrt1.o
 .rela.data.rel.ro.local.f_evt_tab
                0x000000000000a6e8       0xd8 /usr/lib/gcc-cross/aarch64-linux-gnu/9/../../../../aarch64-linux-gnu/lib/../lib/Scrt1.o
 .rela.data.rel.ro.local.i386_sys_types
                0x000000000000a7c0      0x4b0 /usr/lib/gcc-cross/aarch64-linux-gnu/9/../../../../aarch64-linux-gnu/lib/../lib/Scrt1.o
 .rela.data.rel.ro.local.add_strings
                0x000000000000ac70       0x78 /usr/lib/gcc-cross/aarch64-linux-gnu/9/../../../../aarch64-linux-gnu/lib/../lib/Scrt1.o
 .rela.data.rel.ro.local.fs1
                0x000000000000ace8       0xa8 /usr/lib/gcc-cross/aarch64-linux-gnu/9/../../../../aarch64-linux-gnu/lib/../lib/Scrt1.o
 .rela.data.rel.ro.local.fs2
                0x000000000000ad90      0x198 /usr/lib/gcc-cross/aarch64-linux-gnu/9/../../../../aarch64-linux-gnu/lib/../lib/Scrt1.o
 .rela.data.rel.ro.local.all_control_files
                0x000000000000af28       0xf0 /usr/lib/gcc-cross/aarch64-linux-gnu/9/../../../../aarch64-linux-gnu/lib/../lib/Scrt1.o
 .rela.data.rel.ro.local.tar_var
                0x000000000000b018       0xc0 /usr/lib/gcc-cross/aarch64-linux-gnu/9/../../../../aarch64-linux-gnu/lib/../lib/Scrt1.o
 .rela.data.rel.ro.local.args.11007
                0x000000000000b0d8       0x30 /usr/lib/gcc-cross/aarch64-linux-gnu/9/../../../../aarch64-linux-gnu/lib/../lib/Scrt1.o
 .rela.data.rel.ro.local.doux_bytes_to_XXX.11236
                0x000000000000b108       0x60 /usr/lib/gcc-cross/aarch64-linux-gnu/9/../../../../aarch64-linux-gnu/lib/../lib/Scrt1.o
 .rela.data.rel.ro.local.capabilities
                0x000000000000b168      0x390 /usr/lib/gcc-cross/aarch64-linux-gnu/9/../../../../aarch64-linux-gnu/lib/../lib/Scrt1.o
 .rela.data.rel.ro.local.console_names.11006
                0x000000000000b4f8       0x48 /usr/lib/gcc-cross/aarch64-linux-gnu/9/../../../../aarch64-linux-gnu/lib/../lib/Scrt1.o
 .rela.data.rel.ro.local.bb_argv_dash
                0x000000000000b540       0x18 /usr/lib/gcc-cross/aarch64-linux-gnu/9/../../../../aarch64-linux-gnu/lib/../lib/Scrt1.o
 *(SORT_BY_ALIGNMENT(.rela.tdata) SORT_BY_ALIGNMENT(.rela.tdata.*) SORT_BY_ALIGNMENT(.rela.gnu.linkonce.td.*))
 *(SORT_BY_ALIGNMENT(.rela.tbss) SORT_BY_ALIGNMENT(.rela.tbss.*) SORT_BY_ALIGNMENT(.rela.gnu.linkonce.tb.*))
 *(SORT_BY_ALIGNMENT(.rela.ctors))
 *(SORT_BY_ALIGNMENT(.rela.dtors))
 *(SORT_BY_ALIGNMENT(.rela.got))
 .rela.got      0x000000000000b558      0x3a8 /usr/lib/gcc-cross/aarch64-linux-gnu/9/../../../../aarch64-linux-gnu/lib/../lib/Scrt1.o
 *(SORT_BY_ALIGNMENT(.rela.bss) SORT_BY_ALIGNMENT(.rela.bss.*) SORT_BY_ALIGNMENT(.rela.gnu.linkonce.b.*))
 .rela.bss      0x000000000000b900        0x0 /usr/lib/gcc-cross/aarch64-linux-gnu/9/../../../../aarch64-linux-gnu/lib/../lib/Scrt1.o
 *(SORT_BY_ALIGNMENT(.rela.ifunc))
 .rela.ifunc    0x000000000000b900        0x0 /usr/lib/gcc-cross/aarch64-linux-gnu/9/../../../../aarch64-linux-gnu/lib/../lib/Scrt1.o
 .rela.init_array
                0x000000000000b900       0x18 /usr/lib/gcc-cross/aarch64-linux-gnu/9/../../../../aarch64-linux-gnu/lib/../lib/Scrt1.o
 .rela.fini_array
                0x000000000000b918       0x18 /usr/lib/gcc-cross/aarch64-linux-gnu/9/../../../../aarch64-linux-gnu/lib/../lib/Scrt1.o

.rela.plt       0x000000000000b930     0x2568
 *(SORT_BY_ALIGNMENT(.rela.plt))
 .rela.plt      0x000000000000b930     0x2568 /usr/lib/gcc-cross/aarch64-linux-gnu/9/../../../../aarch64-linux-gnu/lib/../lib/Scrt1.o
 *(SORT_BY_ALIGNMENT(.rela.iplt))

.init           0x000000000000de98       0x14
 *(SORT_NONE(.init))
 .init          0x000000000000de98        0xc /usr/lib/gcc-cross/aarch64-linux-gnu/9/../../../../aarch64-linux-gnu/lib/../lib/crti.o
                0x000000000000de98                _init
 .init          0x000000000000dea4        0x8 /usr/lib/gcc-cross/aarch64-linux-gnu/9/../../../../aarch64-linux-gnu/lib/../lib/crtn.o

.plt            0x000000000000deb0     0x1910
 *(SORT_BY_ALIGNMENT(.plt))
 .plt           0x000000000000deb0     0x1910 /usr/lib/gcc-cross/aarch64-linux-gnu/9/../../../../aarch64-linux-gnu/lib/../lib/Scrt1.o
 *(SORT_BY_ALIGNMENT(.iplt))

.text           0x000000000000f7c0    0xde0c8
 *(SORT_BY_ALIGNMENT(.text.unlikely) SORT_BY_ALIGNMENT(.text.*_unlikely) SORT_BY_ALIGNMENT(.text.unlikely.*))
 *(SORT_BY_ALIGNMENT(.text.exit) SORT_BY_ALIGNMENT(.text.exit.*))
 *(SORT_BY_ALIGNMENT(.text.startup) SORT_BY_ALIGNMENT(.text.startup.*))
 *(SORT_BY_ALIGNMENT(.text.hot) SORT_BY_ALIGNMENT(.text.hot.*))
 *(SORT_BY_NAME(SORT_BY_ALIGNMENT(.text.sorted.*)))
 *(SORT_BY_ALIGNMENT(.text) SORT_BY_ALIGNMENT(.stub) SORT_BY_ALIGNMENT(.text.*) SORT_BY_ALIGNMENT(.gnu.linkonce.t.*))
 .text          0x000000000000f7c0       0xbc /usr/lib/gcc-cross/aarch64-linux-gnu/9/crtbeginS.o
 *fill*         0x000000000000f87c        0x4 1f2003d5
 .text          0x000000000000f880       0x84 /usr/aarch64-linux-gnu/lib/libc_nonshared.a(elf-init.oS)
                0x000000000000f880                __libc_csu_init
                0x000000000000f900                __libc_csu_fini
 *fill*         0x000000000000f904        0x4 1f2003d5
 .text          0x000000000000f908       0x10 /usr/aarch64-linux-gnu/lib/libc_nonshared.a(stat64.oS)
                0x000000000000f908                stat64
 .text          0x000000000000f918       0x10 /usr/aarch64-linux-gnu/lib/libc_nonshared.a(fstat64.oS)
                0x000000000000f918                fstat64
 .text          0x000000000000f928       0x10 /usr/aarch64-linux-gnu/lib/libc_nonshared.a(lstat64.oS)
                0x000000000000f928                lstat64
 .text          0x000000000000f938       0x2c /usr/aarch64-linux-gnu/lib/libc_nonshared.a(mknod.oS)
                0x000000000000f938                mknod
                0x000000000000f938                __mknod
 .text          0x000000000000f964       0x38 /usr/lib/gcc-cross/aarch64-linux-gnu/9/../../../../aarch64-linux-gnu/lib/../lib/Scrt1.o
                0x000000000000f964                _start
 .text          0x000000000000f99c       0x14 /usr/lib/gcc-cross/aarch64-linux-gnu/9/../../../../aarch64-linux-gnu/lib/../lib/crti.o
 .text.get_trimmed_slice
                0x000000000000f9b0       0x30 libbb/lib.a(appletlib.o)
 .text.string_array_len
                0x000000000000f9e0       0x20 libbb/lib.a(appletlib.o)
                0x000000000000f9e0                string_array_len
 .text.find_applet_by_name
                0x000000000000fa00       0xac libbb/lib.a(appletlib.o)
                0x000000000000fa00                find_applet_by_name
 .text.bb_show_usage
                0x000000000000faac       0xc8 libbb/lib.a(appletlib.o)
                0x000000000000faac                bb_show_usage
 .text.find_script_by_name
                0x000000000000fb74       0x38 libbb/lib.a(appletlib.o)
 .text.scripted_main
                0x000000000000fbac       0x34 libbb/lib.a(appletlib.o)
                0x000000000000fbac                scripted_main
 .text.parse_config_file
                0x000000000000fbe0      0x334 libbb/lib.a(appletlib.o)
 .text.lbb_prepare
                0x000000000000ff14       0x24 libbb/lib.a(appletlib.o)
                0x000000000000ff14                lbb_prepare
 .text.get_script_content
                0x000000000000ff38       0x3c libbb/lib.a(appletlib.o)
                0x000000000000ff38                get_script_content
 .text.show_usage_if_dash_dash_help
                0x000000000000ff74       0x64 libbb/lib.a(appletlib.o)
                0x000000000000ff74                show_usage_if_dash_dash_help
 .text.run_applet_no_and_exit
                0x000000000000ffd8      0x1c0 libbb/lib.a(appletlib.o)
                0x000000000000ffd8                run_applet_no_and_exit
 .text.run_applet_and_exit
                0x0000000000010198      0x3a4 libbb/lib.a(appletlib.o)
 .text.main     0x000000000001053c       0x68 libbb/lib.a(appletlib.o)
                0x000000000001053c                main
 .text.is_prefixed_with
                0x00000000000105a4       0x34 libbb/lib.a(compare_string_array.o)
                0x00000000000105a4                is_prefixed_with
 .text.is_suffixed_with
                0x00000000000105d8       0x5c libbb/lib.a(compare_string_array.o)
                0x00000000000105d8                is_suffixed_with
 .text.index_in_strings
                0x0000000000010634       0x50 libbb/lib.a(compare_string_array.o)
                0x0000000000010634                index_in_strings
 .text.index_in_substrings
                0x0000000000010684       0x98 libbb/lib.a(compare_string_array.o)
                0x0000000000010684                index_in_substrings
 .text.nth_string
                0x000000000001071c       0x20 libbb/lib.a(compare_string_array.o)
                0x000000000001071c                nth_string
 .text.concat_path_file
                0x000000000001073c       0x74 libbb/lib.a(concat_path_file.o)
                0x000000000001073c                concat_path_file
 .text.bb_basename
                0x00000000000107b0       0x24 libbb/lib.a(get_last_path_component.o)
                0x00000000000107b0                bb_basename
 .text.bb_get_last_path_component_nostrip
                0x00000000000107d4       0x38 libbb/lib.a(get_last_path_component.o)
                0x00000000000107d4                bb_get_last_path_component_nostrip
 .text.bb_get_last_path_component_strip
                0x000000000001080c       0x3c libbb/lib.a(get_last_path_component.o)
                0x000000000001080c                bb_get_last_path_component_strip
 .text.last_char_is
                0x0000000000010848       0x30 libbb/lib.a(last_char_is.o)
                0x0000000000010848                last_char_is
 .text.llist_add_to
                0x0000000000010878       0x30 libbb/lib.a(llist.o)
                0x0000000000010878                llist_add_to
 .text.llist_add_to_end
                0x00000000000108a8       0x3c libbb/lib.a(llist.o)
                0x00000000000108a8                llist_add_to_end
 .text.llist_pop
                0x00000000000108e4       0x2c libbb/lib.a(llist.o)
                0x00000000000108e4                llist_pop
 .text.llist_unlink
                0x0000000000010910       0x28 libbb/lib.a(llist.o)
                0x0000000000010910                llist_unlink
 .text.llist_free
                0x0000000000010938       0x3c libbb/lib.a(llist.o)
                0x0000000000010938                llist_free
 .text.llist_rev
                0x0000000000010974       0x24 libbb/lib.a(llist.o)
                0x0000000000010974                llist_rev
 .text.llist_find_str
                0x0000000000010998       0x3c libbb/lib.a(llist.o)
                0x0000000000010998                llist_find_str
 .text.bb_perror_msg
                0x00000000000109d4       0xd0 libbb/lib.a(perror_msg.o)
                0x00000000000109d4                bb_perror_msg
 .text.bb_perror_msg_and_die
                0x0000000000010aa4       0xac libbb/lib.a(perror_msg.o)
                0x0000000000010aa4                bb_perror_msg_and_die
 .text.bb_simple_perror_msg
                0x0000000000010b50       0x10 libbb/lib.a(perror_msg.o)
                0x0000000000010b50                bb_simple_perror_msg
 .text.bb_simple_perror_msg_and_die
                0x0000000000010b60       0x14 libbb/lib.a(perror_msg.o)
                0x0000000000010b60                bb_simple_perror_msg_and_die
 .text.skip_whitespace
                0x0000000000010b74       0x24 libbb/lib.a(skip_whitespace.o)
                0x0000000000010b74                skip_whitespace
 .text.skip_non_whitespace
                0x0000000000010b98       0x28 libbb/lib.a(skip_whitespace.o)
                0x0000000000010b98                skip_non_whitespace
 .text.skip_dev_pfx
                0x0000000000010bc0       0x24 libbb/lib.a(skip_whitespace.o)
                0x0000000000010bc0                skip_dev_pfx
 .text.bb_verror_msg
                0x0000000000010be4      0x298 libbb/lib.a(verror_msg.o)
                0x0000000000010be4                bb_verror_msg
 .text.bb_error_msg_and_die
                0x0000000000010e7c       0x8c libbb/lib.a(verror_msg.o)
                0x0000000000010e7c                bb_error_msg_and_die
 .text.bb_error_msg
                0x0000000000010f08       0xa4 libbb/lib.a(verror_msg.o)
                0x0000000000010f08                bb_error_msg
 .text.bb_vinfo_msg
                0x0000000000010fac       0x3c libbb/lib.a(verror_msg.o)
                0x0000000000010fac                bb_vinfo_msg
 .text.bb_info_msg
                0x0000000000010fe8       0xa0 libbb/lib.a(verror_msg.o)
                0x0000000000010fe8                bb_info_msg
 .text.bb_simple_info_msg
                0x0000000000011088       0x10 libbb/lib.a(verror_msg.o)
                0x0000000000011088                bb_simple_info_msg
 .text.bb_simple_error_msg
                0x0000000000011098       0x10 libbb/lib.a(verror_msg.o)
                0x0000000000011098                bb_simple_error_msg
 .text.bb_simple_error_msg_and_die
                0x00000000000110a8       0x14 libbb/lib.a(verror_msg.o)
                0x00000000000110a8                bb_simple_error_msg_and_die
 .text.xfdopen_helper
                0x00000000000110bc       0x34 libbb/lib.a(wfopen.o)
 .text.fopen_or_warn
                0x00000000000110f0       0x30 libbb/lib.a(wfopen.o)
                0x00000000000110f0                fopen_or_warn
 .text.fopen_for_read
                0x0000000000011120        0xc libbb/lib.a(wfopen.o)
                0x0000000000011120                fopen_for_read
 .text.xfopen_for_read
                0x000000000001112c        0xc libbb/lib.a(wfopen.o)
                0x000000000001112c                xfopen_for_read
 .text.fopen_for_write
                0x0000000000011138        0xc libbb/lib.a(wfopen.o)
                0x0000000000011138                fopen_for_write
 .text.xfopen_for_write
                0x0000000000011144        0xc libbb/lib.a(wfopen.o)
                0x0000000000011144                xfopen_for_write
 .text.xfdopen_for_read
                0x0000000000011150        0x8 libbb/lib.a(wfopen.o)
                0x0000000000011150                xfdopen_for_read
 .text.xfdopen_for_write
                0x0000000000011158        0xc libbb/lib.a(wfopen.o)
                0x0000000000011158                xfdopen_for_write
 .text.xfunc_die
                0x0000000000011164       0x20 libbb/lib.a(xfunc_die.o)
                0x0000000000011164                xfunc_die
 .text.ndelay_on
                0x0000000000011184       0x3c libbb/lib.a(xfuncs.o)
                0x0000000000011184                ndelay_on
 .text.ndelay_off
                0x00000000000111c0       0x3c libbb/lib.a(xfuncs.o)
                0x00000000000111c0                ndelay_off
 .text.close_on_exec_on
                0x00000000000111fc        0xc libbb/lib.a(xfuncs.o)
                0x00000000000111fc                close_on_exec_on
 .text.strncpy_IFNAMSIZ
                0x0000000000011208        0x8 libbb/lib.a(xfuncs.o)
                0x0000000000011208                strncpy_IFNAMSIZ
 .text.utoa_to_buf
                0x0000000000011210       0x64 libbb/lib.a(xfuncs.o)
                0x0000000000011210                utoa_to_buf
 .text.itoa_to_buf
                0x0000000000011274       0x24 libbb/lib.a(xfuncs.o)
                0x0000000000011274                itoa_to_buf
 .text.utoa     0x0000000000011298       0x28 libbb/lib.a(xfuncs.o)
                0x0000000000011298                utoa
 .text.itoa     0x00000000000112c0       0x28 libbb/lib.a(xfuncs.o)
                0x00000000000112c0                itoa
 .text.bin2hex  0x00000000000112e8       0x50 libbb/lib.a(xfuncs.o)
                0x00000000000112e8                bin2hex
 .text.hex2bin  0x0000000000011338       0xec libbb/lib.a(xfuncs.o)
                0x0000000000011338                hex2bin
 .text.bb_putchar_stderr
                0x0000000000011424       0x20 libbb/lib.a(xfuncs.o)
                0x0000000000011424                bb_putchar_stderr
 .text.full_write1_str
                0x0000000000011444       0x20 libbb/lib.a(xfuncs.o)
                0x0000000000011444                full_write1_str
 .text.full_write2_str
                0x0000000000011464       0x20 libbb/lib.a(xfuncs.o)
                0x0000000000011464                full_write2_str
 .text.get_terminal_width_height
                0x0000000000011484      0x174 libbb/lib.a(xfuncs.o)
                0x0000000000011484                get_terminal_width_height
 .text.get_terminal_width
                0x00000000000115f8       0x48 libbb/lib.a(xfuncs.o)
                0x00000000000115f8                get_terminal_width
 .text.is_TERM_dumb
                0x0000000000011640       0x3c libbb/lib.a(xfuncs.o)
                0x0000000000011640                is_TERM_dumb
 .text.tcsetattr_stdin_TCSANOW
                0x000000000001167c       0x10 libbb/lib.a(xfuncs.o)
                0x000000000001167c                tcsetattr_stdin_TCSANOW
 .text.get_termios_and_make_raw
                0x000000000001168c       0xbc libbb/lib.a(xfuncs.o)
                0x000000000001168c                get_termios_and_make_raw
 .text.set_termios_to_raw
                0x0000000000011748       0x68 libbb/lib.a(xfuncs.o)
                0x0000000000011748                set_termios_to_raw
 .text.safe_waitpid
                0x00000000000117b0       0x54 libbb/lib.a(xfuncs.o)
                0x00000000000117b0                safe_waitpid
 .text.wait_any_nohang
                0x0000000000011804       0x10 libbb/lib.a(xfuncs.o)
                0x0000000000011804                wait_any_nohang
 .text.wait4pid
                0x0000000000011814       0x8c libbb/lib.a(xfuncs.o)
                0x0000000000011814                wait4pid
 .text.exit_SUCCESS
                0x00000000000118a0        0xc libbb/lib.a(xfuncs.o)
                0x00000000000118a0                exit_SUCCESS
 .text._exit_SUCCESS
                0x00000000000118ac        0xc libbb/lib.a(xfuncs.o)
                0x00000000000118ac                _exit_SUCCESS
 .text.bb_die_memory_exhausted
                0x00000000000118b8       0x10 libbb/lib.a(xfuncs_printf.o)
                0x00000000000118b8                bb_die_memory_exhausted
 .text.malloc_or_warn
                0x00000000000118c8       0x3c libbb/lib.a(xfuncs_printf.o)
                0x00000000000118c8                malloc_or_warn
 .text.xmalloc  0x0000000000011904       0x24 libbb/lib.a(xfuncs_printf.o)
                0x0000000000011904                xmalloc
 .text.xrealloc
                0x0000000000011928       0x24 libbb/lib.a(xfuncs_printf.o)
                0x0000000000011928                xrealloc
 .text.xzalloc  0x000000000001194c       0x30 libbb/lib.a(xfuncs_printf.o)
                0x000000000001194c                xzalloc
 .text.xstrdup  0x000000000001197c       0x20 libbb/lib.a(xfuncs_printf.o)
                0x000000000001197c                xstrdup
 .text.xstrndup
                0x000000000001199c       0x18 libbb/lib.a(xfuncs_printf.o)
                0x000000000001199c                xstrndup
 .text.xmemdup  0x00000000000119b4       0x2c libbb/lib.a(xfuncs_printf.o)
                0x00000000000119b4                xmemdup
 .text.mmap_read
                0x00000000000119e0       0x18 libbb/lib.a(xfuncs_printf.o)
                0x00000000000119e0                mmap_read
 .text.mmap_anon
                0x00000000000119f8       0x1c libbb/lib.a(xfuncs_printf.o)
                0x00000000000119f8                mmap_anon
 .text.xmmap_anon
                0x0000000000011a14       0x1c libbb/lib.a(xfuncs_printf.o)
                0x0000000000011a14                xmmap_anon
 .text.xfopen   0x0000000000011a30       0x28 libbb/lib.a(xfuncs_printf.o)
                0x0000000000011a30                xfopen
 .text.xopen3   0x0000000000011a58       0x28 libbb/lib.a(xfuncs_printf.o)
                0x0000000000011a58                xopen3
 .text.xopen    0x0000000000011a80        0x8 libbb/lib.a(xfuncs_printf.o)
                0x0000000000011a80                xopen
 .text.open3_or_warn
                0x0000000000011a88       0x38 libbb/lib.a(xfuncs_printf.o)
                0x0000000000011a88                open3_or_warn
 .text.open_or_warn
                0x0000000000011ac0        0x8 libbb/lib.a(xfuncs_printf.o)
                0x0000000000011ac0                open_or_warn
 .text.xopen_nonblocking
                0x0000000000011ac8        0x8 libbb/lib.a(xfuncs_printf.o)
                0x0000000000011ac8                xopen_nonblocking
 .text.xunlink  0x0000000000011ad0       0x28 libbb/lib.a(xfuncs_printf.o)
                0x0000000000011ad0                xunlink
 .text.xrename  0x0000000000011af8       0x38 libbb/lib.a(xfuncs_printf.o)
                0x0000000000011af8                xrename
 .text.rename_or_warn
                0x0000000000011b30       0x40 libbb/lib.a(xfuncs_printf.o)
                0x0000000000011b30                rename_or_warn
 .text.xpipe    0x0000000000011b70       0x20 libbb/lib.a(xfuncs_printf.o)
                0x0000000000011b70                xpipe
 .text.xdup2    0x0000000000011b90       0x28 libbb/lib.a(xfuncs_printf.o)
                0x0000000000011b90                xdup2
 .text.xmove_fd
                0x0000000000011bb8       0x24 libbb/lib.a(xfuncs_printf.o)
                0x0000000000011bb8                xmove_fd
 .text.xwrite   0x0000000000011bdc       0x40 libbb/lib.a(xfuncs_printf.o)
                0x0000000000011bdc                xwrite
 .text.xwrite_str
                0x0000000000011c1c       0x30 libbb/lib.a(xfuncs_printf.o)
                0x0000000000011c1c                xwrite_str
 .text.xclose   0x0000000000011c4c       0x20 libbb/lib.a(xfuncs_printf.o)
                0x0000000000011c4c                xclose
 .text.xlseek   0x0000000000011c6c       0x3c libbb/lib.a(xfuncs_printf.o)
                0x0000000000011c6c                xlseek
 .text.xmkstemp
                0x0000000000011ca8       0x28 libbb/lib.a(xfuncs_printf.o)
                0x0000000000011ca8                xmkstemp
 .text.die_if_ferror
                0x0000000000011cd0       0x28 libbb/lib.a(xfuncs_printf.o)
                0x0000000000011cd0                die_if_ferror
 .text.die_if_ferror_stdout
                0x0000000000011cf8       0x18 libbb/lib.a(xfuncs_printf.o)
                0x0000000000011cf8                die_if_ferror_stdout
 .text.fflush_all
                0x0000000000011d10        0x8 libbb/lib.a(xfuncs_printf.o)
                0x0000000000011d10                fflush_all
 .text.bb_putchar
                0x0000000000011d18        0x4 libbb/lib.a(xfuncs_printf.o)
                0x0000000000011d18                bb_putchar
 .text.fputs_stdout
                0x0000000000011d1c       0x10 libbb/lib.a(xfuncs_printf.o)
                0x0000000000011d1c                fputs_stdout
 .text.xprint_and_close_file
                0x0000000000011d2c       0x34 libbb/lib.a(xfuncs_printf.o)
                0x0000000000011d2c                xprint_and_close_file
 .text.xasprintf
                0x0000000000011d60       0xc0 libbb/lib.a(xfuncs_printf.o)
                0x0000000000011d60                xasprintf
 .text.xsetenv  0x0000000000011e20       0x1c libbb/lib.a(xfuncs_printf.o)
                0x0000000000011e20                xsetenv
 .text.bb_unsetenv
                0x0000000000011e3c       0xa8 libbb/lib.a(xfuncs_printf.o)
                0x0000000000011e3c                bb_unsetenv
 .text.bb_unsetenv_and_free
                0x0000000000011ee4       0x18 libbb/lib.a(xfuncs_printf.o)
                0x0000000000011ee4                bb_unsetenv_and_free
 .text.xsetgid  0x0000000000011efc       0x20 libbb/lib.a(xfuncs_printf.o)
                0x0000000000011efc                xsetgid
 .text.xsetuid  0x0000000000011f1c       0x20 libbb/lib.a(xfuncs_printf.o)
                0x0000000000011f1c                xsetuid
 .text.xsetegid
                0x0000000000011f3c       0x20 libbb/lib.a(xfuncs_printf.o)
                0x0000000000011f3c                xsetegid
 .text.xseteuid
                0x0000000000011f5c       0x20 libbb/lib.a(xfuncs_printf.o)
                0x0000000000011f5c                xseteuid
 .text.xopen_as_uid_gid
                0x0000000000011f7c       0x78 libbb/lib.a(xfuncs_printf.o)
                0x0000000000011f7c                xopen_as_uid_gid
 .text.chdir_or_warn
                0x0000000000011ff4       0x38 libbb/lib.a(xfuncs_printf.o)
                0x0000000000011ff4                chdir_or_warn
 .text.xchdir   0x000000000001202c       0x18 libbb/lib.a(xfuncs_printf.o)
                0x000000000001202c                xchdir
 .text.xfchdir  0x0000000000012044       0x20 libbb/lib.a(xfuncs_printf.o)
                0x0000000000012044                xfchdir
 .text.xchroot  0x0000000000012064       0x30 libbb/lib.a(xfuncs_printf.o)
                0x0000000000012064                xchroot
 .text.warn_opendir
                0x0000000000012094       0x38 libbb/lib.a(xfuncs_printf.o)
                0x0000000000012094                warn_opendir
 .text.xopendir
                0x00000000000120cc       0x28 libbb/lib.a(xfuncs_printf.o)
                0x00000000000120cc                xopendir
 .text.xsocket  0x00000000000120f4       0x20 libbb/lib.a(xfuncs_printf.o)
                0x00000000000120f4                xsocket
 .text.xbind    0x0000000000012114       0x20 libbb/lib.a(xfuncs_printf.o)
                0x0000000000012114                xbind
 .text.xlisten  0x0000000000012134       0x20 libbb/lib.a(xfuncs_printf.o)
                0x0000000000012134                xlisten
 .text.xsendto  0x0000000000012154       0x2c libbb/lib.a(xfuncs_printf.o)
                0x0000000000012154                xsendto
 .text.xstat    0x0000000000012180       0x28 libbb/lib.a(xfuncs_printf.o)
                0x0000000000012180                xstat
 .text.xfstat   0x00000000000121a8       0x20 libbb/lib.a(xfuncs_printf.o)
                0x00000000000121a8                xfstat
 .text.ioctl_or_perror_and_die
                0x00000000000121c8       0xcc libbb/lib.a(xfuncs_printf.o)
                0x00000000000121c8                ioctl_or_perror_and_die
 .text.ioctl_or_perror
                0x0000000000012294       0xd4 libbb/lib.a(xfuncs_printf.o)
                0x0000000000012294                ioctl_or_perror
 .text.bb_ioctl_or_warn
                0x0000000000012368       0x34 libbb/lib.a(xfuncs_printf.o)
                0x0000000000012368                bb_ioctl_or_warn
 .text.bb_xioctl
                0x000000000001239c       0x24 libbb/lib.a(xfuncs_printf.o)
                0x000000000001239c                bb_xioctl
 .text.xmalloc_ttyname
                0x00000000000123c0       0x68 libbb/lib.a(xfuncs_printf.o)
                0x00000000000123c0                xmalloc_ttyname
 .text.generate_uuid
                0x0000000000012428       0x90 libbb/lib.a(xfuncs_printf.o)
                0x0000000000012428                generate_uuid
 .text.xfork    0x00000000000124b8       0x20 libbb/lib.a(xfuncs_printf.o)
                0x00000000000124b8                xfork
 .text.wait_for_exitstatus
                0x00000000000124d8       0x58 libbb/lib.a(xfuncs_printf.o)
                0x00000000000124d8                wait_for_exitstatus
 .text.xvfork_parent_waits_and_exits
                0x0000000000012530       0x54 libbb/lib.a(xfuncs_printf.o)
                0x0000000000012530                xvfork_parent_waits_and_exits
 .text.xsettimeofday
                0x0000000000012584       0x24 libbb/lib.a(xfuncs_printf.o)
                0x0000000000012584                xsettimeofday
 .text.xgettimeofday
                0x00000000000125a8        0x8 libbb/lib.a(xfuncs_printf.o)
                0x00000000000125a8                xgettimeofday
 .text.xmalloc_readlink
                0x00000000000125b0       0x70 libbb/lib.a(xreadlink.o)
                0x00000000000125b0                xmalloc_readlink
 .text.xmalloc_follow_symlinks
                0x0000000000012620       0xc8 libbb/lib.a(xreadlink.o)
                0x0000000000012620                xmalloc_follow_symlinks
 .text.xmalloc_readlink_or_warn
                0x00000000000126e8       0x60 libbb/lib.a(xreadlink.o)
                0x00000000000126e8                xmalloc_readlink_or_warn
 .text.xmalloc_realpath
                0x0000000000012748        0x8 libbb/lib.a(xreadlink.o)
                0x0000000000012748                xmalloc_realpath
 .text.xmalloc_realpath_coreutils
                0x0000000000012750      0x18c libbb/lib.a(xreadlink.o)
                0x0000000000012750                xmalloc_realpath_coreutils
 .text.bb_full_fd_action
                0x00000000000128dc      0x180 libbb/lib.a(copyfd.o)
 .text.bb_copyfd_size
                0x0000000000012a5c       0x10 libbb/lib.a(copyfd.o)
                0x0000000000012a5c                bb_copyfd_size
 .text.bb_copyfd_exact_size
                0x0000000000012a6c       0x3c libbb/lib.a(copyfd.o)
                0x0000000000012a6c                bb_copyfd_exact_size
 .text.bb_copyfd_eof
                0x0000000000012aa8        0x8 libbb/lib.a(copyfd.o)
                0x0000000000012aa8                bb_copyfd_eof
 .text.full_write
                0x0000000000012ab0       0x60 libbb/lib.a(full_write.o)
                0x0000000000012ab0                full_write
 .text.safe_read
                0x0000000000012b10       0x58 libbb/lib.a(read.o)
                0x0000000000012b10                safe_read
 .text.full_read
                0x0000000000012b68       0x68 libbb/lib.a(read.o)
                0x0000000000012b68                full_read
 .text.read_close
                0x0000000000012bd0       0x2c libbb/lib.a(read.o)
                0x0000000000012bd0                read_close
 .text.open_read_close
                0x0000000000012bfc       0x40 libbb/lib.a(read.o)
                0x0000000000012bfc                open_read_close
 .text.safe_write
                0x0000000000012c3c       0x58 libbb/lib.a(safe_write.o)
                0x0000000000012c3c                safe_write
 .text.record_signo
                0x0000000000012c94        0xc libbb/lib.a(signals.o)
                0x0000000000012c94                record_signo
 .text.sigaction_set
                0x0000000000012ca0        0x8 libbb/lib.a(signals.o)
                0x0000000000012ca0                sigaction_set
 .text.sigprocmask_allsigs
                0x0000000000012ca8       0x60 libbb/lib.a(signals.o)
                0x0000000000012ca8                sigprocmask_allsigs
 .text.sigprocmask2
                0x0000000000012d08        0x8 libbb/lib.a(signals.o)
                0x0000000000012d08                sigprocmask2
 .text.bb_signals
                0x0000000000012d10       0x54 libbb/lib.a(signals.o)
                0x0000000000012d10                bb_signals
 .text.bb_signals_norestart
                0x0000000000012d64       0x98 libbb/lib.a(signals.o)
                0x0000000000012d64                bb_signals_norestart
 .text.sig_block
                0x0000000000012dfc       0x6c libbb/lib.a(signals.o)
                0x0000000000012dfc                sig_block
 .text.sig_unblock
                0x0000000000012e68       0x6c libbb/lib.a(signals.o)
                0x0000000000012e68                sig_unblock
 .text.wait_for_any_sig
                0x0000000000012ed4       0x54 libbb/lib.a(signals.o)
                0x0000000000012ed4                wait_for_any_sig
 .text.kill_myself_with_sig
                0x0000000000012f28       0x28 libbb/lib.a(signals.o)
                0x0000000000012f28                kill_myself_with_sig
 .text.signal_SA_RESTART_empty_mask
                0x0000000000012f50       0x7c libbb/lib.a(signals.o)
                0x0000000000012f50                signal_SA_RESTART_empty_mask
 .text.signal_no_SA_RESTART_empty_mask
                0x0000000000012fcc       0x74 libbb/lib.a(signals.o)
                0x0000000000012fcc                signal_no_SA_RESTART_empty_mask
 .text.get_mono
                0x0000000000013040       0x28 libbb/lib.a(time.o)
 .text.parse_datestr
                0x0000000000013068      0x3a4 libbb/lib.a(time.o)
                0x0000000000013068                parse_datestr
 .text.validate_tm_time
                0x000000000001340c       0x30 libbb/lib.a(time.o)
                0x000000000001340c                validate_tm_time
 .text.strftime_HHMMSS
                0x000000000001343c       0x90 libbb/lib.a(time.o)
                0x000000000001343c                strftime_HHMMSS
 .text.strftime_YYYYMMDDHHMMSS
                0x00000000000134cc       0x90 libbb/lib.a(time.o)
                0x00000000000134cc                strftime_YYYYMMDDHHMMSS
 .text.monotonic_us
                0x000000000001355c       0x5c libbb/lib.a(time.o)
                0x000000000001355c                monotonic_us
 .text.monotonic_ms
                0x00000000000135b8       0x5c libbb/lib.a(time.o)
                0x00000000000135b8                monotonic_ms
 .text.monotonic_sec
                0x0000000000013614       0x44 libbb/lib.a(time.o)
                0x0000000000013614                monotonic_sec
 .text.xrealloc_getcwd_or_warn
                0x0000000000013658       0x94 libbb/lib.a(xgetcwd.o)
                0x0000000000013658                xrealloc_getcwd_or_warn
 .text.handle_errors.isra.0
                0x00000000000136ec       0x58 libbb/lib.a(bb_strtonum.o)
 .text.bb_strtoull
                0x0000000000013744       0xac libbb/lib.a(bb_strtonum.o)
                0x0000000000013744                bb_strtoull
 .text.bb_strtoll
                0x00000000000137f0       0xb8 libbb/lib.a(bb_strtonum.o)
                0x00000000000137f0                bb_strtoll
 .text.bb_strtou
                0x00000000000138a8       0xb4 libbb/lib.a(bb_strtonum.o)
                0x00000000000138a8                bb_strtou
 .text.bb_strtoi
                0x000000000001395c       0xcc libbb/lib.a(bb_strtonum.o)
                0x000000000001395c                bb_strtoi
 .text.get_S    0x0000000000013a28       0x70 libpwdgrp/lib.a(pwd_grp.o)
 .text.tokenize
                0x0000000000013a98       0xc8 libpwdgrp/lib.a(pwd_grp.o)
 .text.parse_common
                0x0000000000013b60      0x138 libpwdgrp/lib.a(pwd_grp.o)
 .text.parse_file
                0x0000000000013c98       0x5c libpwdgrp/lib.a(pwd_grp.o)
 .text.convert_to_struct
                0x0000000000013cf4      0x158 libpwdgrp/lib.a(pwd_grp.o)
 .text.massage_data_for_r_func
                0x0000000000013e4c       0x90 libpwdgrp/lib.a(pwd_grp.o)
 .text.massage_data_for_non_r_func
                0x0000000000013edc       0x7c libpwdgrp/lib.a(pwd_grp.o)
 .text.getXXnam
                0x0000000000013f58       0x44 libpwdgrp/lib.a(pwd_grp.o)
 .text.getgrouplist_internal
                0x0000000000013f9c      0x144 libpwdgrp/lib.a(pwd_grp.o)
 .text.bb_internal_getspnam_r
                0x00000000000140e0       0x5c libpwdgrp/lib.a(pwd_grp.o)
                0x00000000000140e0                bb_internal_getspnam_r
 .text.bb_internal_getpwent
                0x000000000001413c       0x58 libpwdgrp/lib.a(pwd_grp.o)
                0x000000000001413c                bb_internal_getpwent
 .text.bb_internal_getpwnam
                0x0000000000014194        0x8 libpwdgrp/lib.a(pwd_grp.o)
                0x0000000000014194                bb_internal_getpwnam
 .text.bb_internal_getgrnam
                0x000000000001419c        0x8 libpwdgrp/lib.a(pwd_grp.o)
                0x000000000001419c                bb_internal_getgrnam
 .text.bb_internal_getpwuid
                0x00000000000141a4       0x14 libpwdgrp/lib.a(pwd_grp.o)
                0x00000000000141a4                bb_internal_getpwuid
 .text.bb_internal_getgrgid
                0x00000000000141b8       0x14 libpwdgrp/lib.a(pwd_grp.o)
                0x00000000000141b8                bb_internal_getgrgid
 .text.bb_internal_endpwent
                0x00000000000141cc       0x2c libpwdgrp/lib.a(pwd_grp.o)
                0x00000000000141cc                bb_internal_endpwent
 .text.bb_internal_setpwent
                0x00000000000141f8       0x1c libpwdgrp/lib.a(pwd_grp.o)
                0x00000000000141f8                bb_internal_setpwent
 .text.bb_internal_endgrent
                0x0000000000014214       0x2c libpwdgrp/lib.a(pwd_grp.o)
                0x0000000000014214                bb_internal_endgrent
 .text.bb_internal_initgroups
                0x0000000000014240       0x70 libpwdgrp/lib.a(pwd_grp.o)
                0x0000000000014240                bb_internal_initgroups
 .text.bb_internal_getgrouplist
                0x00000000000142b0       0x6c libpwdgrp/lib.a(pwd_grp.o)
                0x00000000000142b0                bb_internal_getgrouplist
 .text.get_uidgid
                0x000000000001431c      0x16c libpwdgrp/lib.a(uidgid_get.o)
                0x000000000001431c                get_uidgid
 .text.xget_uidgid
                0x0000000000014488       0x28 libpwdgrp/lib.a(uidgid_get.o)
                0x0000000000014488                xget_uidgid
 .text.parse_chown_usergroup_or_die
                0x00000000000144b0       0xa4 libpwdgrp/lib.a(uidgid_get.o)
                0x00000000000144b0                parse_chown_usergroup_or_die
 .text.add_remove_shell_main
                0x0000000000014554      0x1a8 loginutils/lib.a(add-remove-shell.o)
                0x0000000000014554                add_remove_shell_main
 .text.addgroup_main
                0x00000000000146fc      0x234 loginutils/lib.a(addgroup.o)
                0x00000000000146fc                addgroup_main
 .text.addgroup_wrapper
                0x0000000000014930       0xa4 loginutils/lib.a(adduser.o)
 .text.adduser_main
                0x00000000000149d4      0x3e0 loginutils/lib.a(adduser.o)
                0x00000000000149d4                adduser_main
 .text.chpasswd_main
                0x0000000000014db4      0x1d4 loginutils/lib.a(chpasswd.o)
                0x0000000000014db4                chpasswd_main
 .text.cryptpw_main
                0x0000000000014f88      0x140 loginutils/lib.a(cryptpw.o)
                0x0000000000014f88                cryptpw_main
 .text.deluser_main
                0x00000000000150c8      0x20c loginutils/lib.a(deluser.o)
                0x00000000000150c8                deluser_main
 .text.sleep10  0x00000000000152d4        0x8 loginutils/lib.a(getty.o)
 .text.bcode    0x00000000000152dc       0x24 loginutils/lib.a(getty.o)
 .text.set_tty_attrs
                0x0000000000015300       0x2c loginutils/lib.a(getty.o)
 .text.finalize_tty_attrs
                0x000000000001532c       0x70 loginutils/lib.a(getty.o)
 .text.alarm_handler
                0x000000000001539c        0xc loginutils/lib.a(getty.o)
 .text.getty_main
                0x00000000000153a8      0x72c loginutils/lib.a(getty.o)
                0x00000000000153a8                getty_main
 .text.alarm_handler
                0x0000000000015ad4       0x40 loginutils/lib.a(login.o)
 .text.login_main
                0x0000000000015b14      0x538 loginutils/lib.a(login.o)
                0x0000000000015b14                login_main
 .text.passwd_main
                0x000000000001604c      0x44c loginutils/lib.a(passwd.o)
                0x000000000001604c                passwd_main
 .text.su_main  0x0000000000016498      0x238 loginutils/lib.a(su.o)
                0x0000000000016498                su_main
 .text.sulogin_main
                0x00000000000166d0      0x1d0 loginutils/lib.a(sulogin.o)
                0x00000000000166d0                sulogin_main
 .text.acquire_vt
                0x00000000000168a0       0x10 loginutils/lib.a(vlock.o)
 .text.release_vt
                0x00000000000168b0       0x1c loginutils/lib.a(vlock.o)
 .text.vlock_main
                0x00000000000168cc      0x1bc loginutils/lib.a(vlock.o)
                0x00000000000168cc                vlock_main
 .text.makemime_main
                0x0000000000016a88      0x1bc mailutils/lib.a(makemime.o)
                0x0000000000016a88                makemime_main
 .text.pop3_checkr
                0x0000000000016c44       0xa4 mailutils/lib.a(popmaildir.o)
 .text.popmaildir_main
                0x0000000000016ce8      0x41c mailutils/lib.a(popmaildir.o)
                0x0000000000016ce8                popmaildir_main
 .text.find_token
                0x0000000000017104       0x54 mailutils/lib.a(reformime.o)
 .text.parse    0x0000000000017158      0x4b0 mailutils/lib.a(reformime.o)
 .text.reformime_main
                0x0000000000017608       0xcc mailutils/lib.a(reformime.o)
                0x0000000000017608                reformime_main
 .text.smtp_checkp
                0x00000000000176d4       0xec mailutils/lib.a(sendmail.o)
 .text.rcptto   0x00000000000177c0       0x48 mailutils/lib.a(sendmail.o)
 .text.smtp_check
                0x0000000000017808        0xc mailutils/lib.a(sendmail.o)
 .text.sane_address
                0x0000000000017814       0x80 mailutils/lib.a(sendmail.o)
 .text.angle_address
                0x0000000000017894       0x50 mailutils/lib.a(sendmail.o)
 .text.rcptto_list
                0x00000000000178e4       0xa0 mailutils/lib.a(sendmail.o)
 .text.sendmail_main
                0x0000000000017984      0x610 mailutils/lib.a(sendmail.o)
                0x0000000000017984                sendmail_main
 .text.signal_handler
                0x0000000000017f94       0x88 mailutils/lib.a(mail.o)
 .text.encode_n_base64
                0x000000000001801c      0x170 mailutils/lib.a(mail.o)
 .text.launch_helper
                0x000000000001818c      0x104 mailutils/lib.a(mail.o)
                0x000000000001818c                launch_helper
 .text.send_r_n
                0x0000000000018290       0x40 mailutils/lib.a(mail.o)
                0x0000000000018290                send_r_n
 .text.send_mail_command
                0x00000000000182d0       0x50 mailutils/lib.a(mail.o)
                0x00000000000182d0                send_mail_command
 .text.printstr_base64
                0x0000000000018320       0x20 mailutils/lib.a(mail.o)
                0x0000000000018320                printstr_base64
 .text.printbuf_base64
                0x0000000000018340       0x10 mailutils/lib.a(mail.o)
                0x0000000000018340                printbuf_base64
 .text.printfile_base64
                0x0000000000018350        0xc mailutils/lib.a(mail.o)
                0x0000000000018350                printfile_base64
 .text.get_cred_or_die
                0x000000000001835c       0x9c mailutils/lib.a(mail.o)
                0x000000000001835c                get_cred_or_die
 .text.adjtimex_main
                0x00000000000183f8      0x1f8 miscutils/lib.a(adjtimex.o)
                0x00000000000183f8                adjtimex_main
 .text.ascii_main
                0x00000000000185f0      0x13c miscutils/lib.a(ascii.o)
                0x00000000000185f0                ascii_main
 .text.bc_vec_pop
                0x000000000001872c       0x2c miscutils/lib.a(bc.o)
 .text.bc_vec_npop
                0x0000000000018758       0x54 miscutils/lib.a(bc.o)
 .text.bc_vec_pop_all
                0x00000000000187ac        0x8 miscutils/lib.a(bc.o)
 .text.bc_vec_item_rev
                0x00000000000187b4       0x1c miscutils/lib.a(bc.o)
 .text.bc_vec_top
                0x00000000000187d0       0x18 miscutils/lib.a(bc.o)
 .text.xc_program_func
                0x00000000000187e8       0x18 miscutils/lib.a(bc.o)
 .text.bc_program_current_func
                0x0000000000018800       0x20 miscutils/lib.a(bc.o)
 .text.xc_program_str
                0x0000000000018820       0x4c miscutils/lib.a(bc.o)
 .text.bc_num_one
                0x000000000001886c       0x18 miscutils/lib.a(bc.o)
 .text.bc_num_subArrays
                0x0000000000018884       0x4c miscutils/lib.a(bc.o)
 .text.BC_NUM_MREQ
                0x00000000000188d0       0x2c miscutils/lib.a(bc.o)
 .text.bc_num_cmp
                0x00000000000188fc      0x120 miscutils/lib.a(bc.o)
 .text.bc_num_clean
                0x0000000000018a1c       0x3c miscutils/lib.a(bc.o)
 .text.xc_lex_lineComment
                0x0000000000018a58       0x34 miscutils/lib.a(bc.o)
 .text.xc_lex_whitespace
                0x0000000000018a8c       0x44 miscutils/lib.a(bc.o)
 .text.parse_lex_by_checking_eq_sign
                0x0000000000018ad0       0x30 miscutils/lib.a(bc.o)
 .text.xc_program_reset
                0x0000000000018b00       0x4c miscutils/lib.a(bc.o)
 .text.bc_parse_inst_isLeaf
                0x0000000000018b4c       0x18 miscutils/lib.a(bc.o)
 .text.rewrite_label_to_current
                0x0000000000018b64       0x24 miscutils/lib.a(bc.o)
 .text.xc_program_index
                0x0000000000018b88       0x5c miscutils/lib.a(bc.o)
 .text.bc_vec_init
                0x0000000000018be4       0x28 miscutils/lib.a(bc.o)
 .text.bc_char_vec_init
                0x0000000000018c0c        0xc miscutils/lib.a(bc.o)
 .text.bc_func_init
                0x0000000000018c18       0x6c miscutils/lib.a(bc.o)
 .text.bc_num_init
                0x0000000000018c84       0x38 miscutils/lib.a(bc.o)
 .text.bc_num_init_DEF_SIZE
                0x0000000000018cbc        0x8 miscutils/lib.a(bc.o)
 .text.bc_num_free
                0x0000000000018cc4        0x8 miscutils/lib.a(bc.o)
 .text.bc_result_free
                0x0000000000018ccc       0x30 miscutils/lib.a(bc.o)
 .text.bc_string_free
                0x0000000000018cfc        0x8 miscutils/lib.a(bc.o)
 .text.bc_vec_free
                0x0000000000018d04       0x18 miscutils/lib.a(bc.o)
 .text.bc_func_free
                0x0000000000018d1c       0x30 miscutils/lib.a(bc.o)
 .text.xc_parse_free
                0x0000000000018d4c       0x30 miscutils/lib.a(bc.o)
 .text.bc_id_free
                0x0000000000018d7c        0x8 miscutils/lib.a(bc.o)
 .text.xc_parse_create
                0x0000000000018d84       0x78 miscutils/lib.a(bc.o)
 .text.bc_map_find_ge
                0x0000000000018dfc       0x78 miscutils/lib.a(bc.o)
 .text.bc_vec_grow
                0x0000000000018e74       0x50 miscutils/lib.a(bc.o)
 .text.bc_vec_expand
                0x0000000000018ec4       0x40 miscutils/lib.a(bc.o)
 .text.bc_num_expand
                0x0000000000018f04       0x44 miscutils/lib.a(bc.o)
 .text.bc_num_ulong2num
                0x0000000000018f48       0x64 miscutils/lib.a(bc.o)
 .text.bc_result_pop_and_push
                0x0000000000018fac       0x60 miscutils/lib.a(bc.o)
 .text.xc_program_binOpRetire
                0x000000000001900c       0x28 miscutils/lib.a(bc.o)
 .text.bc_num_truncate
                0x0000000000019034       0x30 miscutils/lib.a(bc.o)
 .text.bc_vec_npush
                0x0000000000019064       0x5c miscutils/lib.a(bc.o)
 .text.bc_vec_push
                0x00000000000190c0        0xc miscutils/lib.a(bc.o)
 .text.xc_program_add_fn
                0x00000000000190cc       0x60 miscutils/lib.a(bc.o)
 .text.bc_vec_pushZeroByte
                0x000000000001912c        0xc miscutils/lib.a(bc.o)
 .text.bc_array_expand
                0x0000000000019138       0xbc miscutils/lib.a(bc.o)
 .text.bc_array_init
                0x00000000000191f4       0x3c miscutils/lib.a(bc.o)
 .text.bc_num_extend
                0x0000000000019230       0x68 miscutils/lib.a(bc.o)
 .text.bc_num_retireMul
                0x0000000000019298       0x58 miscutils/lib.a(bc.o)
 .text.bc_args  0x00000000000192f0       0xbc miscutils/lib.a(bc.o)
 .text.bc_verror_msg
                0x00000000000193ac       0x8c miscutils/lib.a(bc.o)
 .text.zbc_posix_error_fmt
                0x0000000000019438       0xf0 miscutils/lib.a(bc.o)
 .text.bc_error_fmt
                0x0000000000019528       0xbc miscutils/lib.a(bc.o)
 .text.bc_error
                0x00000000000195e4       0x10 miscutils/lib.a(bc.o)
 .text.zbc_func_insert
                0x00000000000195f4       0xc0 miscutils/lib.a(bc.o)
 .text.zbc_num_shift
                0x00000000000196b4       0x74 miscutils/lib.a(bc.o)
 .text.bc_error_variable_is_wrong_type
                0x0000000000019728        0xc miscutils/lib.a(bc.o)
 .text.zbc_num_ulong_abs
                0x0000000000019734       0x4c miscutils/lib.a(bc.o)
 .text.zbc_num_ulong
                0x0000000000019780       0x18 miscutils/lib.a(bc.o)
 .text.bc_error_stack_has_too_few_elements
                0x0000000000019798        0xc miscutils/lib.a(bc.o)
 .text.bad_input_byte
                0x00000000000197a4       0x50 miscutils/lib.a(bc.o)
 .text.bc_error_bad_character
                0x00000000000197f4       0x20 miscutils/lib.a(bc.o)
 .text.xc_program_name
                0x0000000000019814       0x38 miscutils/lib.a(bc.o)
 .text.xc_parse_pushName
                0x000000000001984c       0x5c miscutils/lib.a(bc.o)
 .text.bc_vec_string
                0x00000000000198a8       0x48 miscutils/lib.a(bc.o)
 .text.xc_lex_name
                0x00000000000198f0       0x7c miscutils/lib.a(bc.o)
 .text.bc_num_copy
                0x000000000001996c       0x4c miscutils/lib.a(bc.o)
 .text.zbc_num_a
                0x00000000000199b8      0x1ac miscutils/lib.a(bc.o)
 .text.bc_num_init_and_copy
                0x0000000000019b64       0x2c miscutils/lib.a(bc.o)
 .text.zbc_num_s
                0x0000000000019b90      0x120 miscutils/lib.a(bc.o)
 .text.bc_num_split
                0x0000000000019cb0       0x88 miscutils/lib.a(bc.o)
 .text.fflush_and_check
                0x0000000000019d38       0x44 miscutils/lib.a(bc.o)
 .text.quit     0x0000000000019d7c       0x30 miscutils/lib.a(bc.o)
 .text.bc_error_at
                0x0000000000019dac       0x60 miscutils/lib.a(bc.o)
 .text.bc_error_bad_expression
                0x0000000000019e0c        0xc miscutils/lib.a(bc.o)
 .text.bc_error_bad_token
                0x0000000000019e18        0xc miscutils/lib.a(bc.o)
 .text.bc_num_printNewline
                0x0000000000019e24       0x38 miscutils/lib.a(bc.o)
 .text.bc_num_printHex
                0x0000000000019e5c       0x64 miscutils/lib.a(bc.o)
 .text.bc_num_printDigits
                0x0000000000019ec0       0xc4 miscutils/lib.a(bc.o)
 .text.dc_num_printChar
                0x0000000000019f84       0x2c miscutils/lib.a(bc.o)
 .text.xc_program_dereference.isra.0
                0x0000000000019fb0       0x84 miscutils/lib.a(bc.o)
 .text.zbc_num_binary
                0x000000000001a034      0x104 miscutils/lib.a(bc.o)
 .text.zbc_num_mul
                0x000000000001a138       0x3c miscutils/lib.a(bc.o)
 .text.zbc_num_sub
                0x000000000001a174       0x50 miscutils/lib.a(bc.o)
 .text.zbc_num_div
                0x000000000001a1c4       0x3c miscutils/lib.a(bc.o)
 .text.zbc_num_mod
                0x000000000001a200       0x3c miscutils/lib.a(bc.o)
 .text.zbc_num_pow
                0x000000000001a23c       0x1c miscutils/lib.a(bc.o)
 .text.zbc_num_p
                0x000000000001a258      0x2bc miscutils/lib.a(bc.o)
 .text.zbc_num_add
                0x000000000001a514       0x50 miscutils/lib.a(bc.o)
 .text.zbc_num_k
                0x000000000001a564      0x43c miscutils/lib.a(bc.o)
 .text.zbc_num_m
                0x000000000001a9a0      0x174 miscutils/lib.a(bc.o)
 .text.zbc_num_sqrt
                0x000000000001ab14      0x2fc miscutils/lib.a(bc.o)
 .text.zbc_num_d
                0x000000000001ae10      0x2c4 miscutils/lib.a(bc.o)
 .text.zbc_num_r
                0x000000000001b0d4      0x15c miscutils/lib.a(bc.o)
 .text.zbc_num_rem
                0x000000000001b230       0xb8 miscutils/lib.a(bc.o)
 .text.zbc_num_divmod
                0x000000000001b2e8      0x100 miscutils/lib.a(bc.o)
 .text.zxc_num_printNum
                0x000000000001b3e8      0x298 miscutils/lib.a(bc.o)
 .text.bc_map_insert
                0x000000000001b680       0xc0 miscutils/lib.a(bc.o)
 .text.bc_program_addFunc
                0x000000000001b740       0xc0 miscutils/lib.a(bc.o)
 .text.xc_vm_init
                0x000000000001b800      0x2ec miscutils/lib.a(bc.o)
 .text.xc_program_search
                0x000000000001baec       0xf0 miscutils/lib.a(bc.o)
 .text.xc_program_pushVar
                0x000000000001bbdc      0x110 miscutils/lib.a(bc.o)
 .text.zxc_program_num
                0x000000000001bcec      0x510 miscutils/lib.a(bc.o)
 .text.zxc_program_binOpPrep
                0x000000000001c1fc      0x150 miscutils/lib.a(bc.o)
 .text.zxc_program_prep
                0x000000000001c34c       0x84 miscutils/lib.a(bc.o)
 .text.xc_program_print
                0x000000000001c3d0      0x378 miscutils/lib.a(bc.o)
 .text.zxc_program_assign
                0x000000000001c748      0x224 miscutils/lib.a(bc.o)
 .text.bc_map_find_exact
                0x000000000001c96c       0x5c miscutils/lib.a(bc.o)
 .text.xc_read_line
                0x000000000001c9c8      0x1d4 miscutils/lib.a(bc.o)
 .text.peek_inbuf
                0x000000000001cb9c       0x50 miscutils/lib.a(bc.o)
 .text.eat_inbuf
                0x000000000001cbec       0x2c miscutils/lib.a(bc.o)
 .text.zxc_lex_number
                0x000000000001cc18      0x168 miscutils/lib.a(bc.o)
 .text.xc_parse_push
                0x000000000001cd80       0x50 miscutils/lib.a(bc.o)
 .text.bc_parse_operator
                0x000000000001cdd0       0xdc miscutils/lib.a(bc.o)
 .text.bc_vec_pushIndex
                0x000000000001ceac       0xbc miscutils/lib.a(bc.o)
 .text.xc_parse_pushInst_and_Index
                0x000000000001cf68       0x24 miscutils/lib.a(bc.o)
 .text.xc_parse_pushNUM
                0x000000000001cf8c       0x90 miscutils/lib.a(bc.o)
 .text.zxc_program_popResultAndCopyToVar
                0x000000000001d01c      0x2b8 miscutils/lib.a(bc.o)
 .text.zxc_lex_next
                0x000000000001d2d4      0x7a4 miscutils/lib.a(bc.o)
 .text.zxc_parse_text_init
                0x000000000001da78       0x30 miscutils/lib.a(bc.o)
 .text.zbc_parse_pushSTR
                0x000000000001daa8       0x78 miscutils/lib.a(bc.o)
 .text.zdc_parse_register
                0x000000000001db20       0x4c miscutils/lib.a(bc.o)
 .text.zdc_parse_mem
                0x000000000001db6c       0x58 miscutils/lib.a(bc.o)
 .text.zdc_parse_expr
                0x000000000001dbc4      0x23c miscutils/lib.a(bc.o)
 .text.zdc_parse_exprs_until_eof
                0x000000000001de00       0x24 miscutils/lib.a(bc.o)
 .text.zbc_parse_expr
                0x000000000001de24      0x760 miscutils/lib.a(bc.o)
 .text.zbc_parse_name
                0x000000000001e584      0x234 miscutils/lib.a(bc.o)
 .text.zbc_parse_stmt_possibly_auto
                0x000000000001e7b8      0x6f4 miscutils/lib.a(bc.o)
 .text.zbc_parse_stmt_allow_NLINE_before
                0x000000000001eeac       0x70 miscutils/lib.a(bc.o)
 .text.zxc_vm_process
                0x000000000001ef1c     0x1690 miscutils/lib.a(bc.o)
 .text.zxc_vm_execute_FILE
                0x00000000000205ac       0x58 miscutils/lib.a(bc.o)
 .text.zxc_vm_exec
                0x0000000000020604       0xd0 miscutils/lib.a(bc.o)
 .text.bc_main  0x00000000000206d4       0x68 miscutils/lib.a(bc.o)
                0x00000000000206d4                bc_main
 .text.dc_main  0x000000000002073c      0x154 miscutils/lib.a(bc.o)
                0x000000000002073c                dc_main
 .text.beep_main
                0x0000000000020890      0x180 miscutils/lib.a(beep.o)
                0x0000000000020890                beep_main
 .text.signal_handler
                0x0000000000020a10       0x10 miscutils/lib.a(chat.o)
 .text.unescape
                0x0000000000020a20       0xf8 miscutils/lib.a(chat.o)
 .text.chat_main
                0x0000000000020b18      0x5b0 miscutils/lib.a(chat.o)
                0x0000000000020b18                chat_main
 .text.create_cdev_if_doesnt_exist
                0x00000000000210c8       0x64 miscutils/lib.a(conspy.o)
 .text.start_shell_in_child
                0x000000000002112c      0x130 miscutils/lib.a(conspy.o)
 .text.putcsi   0x000000000002125c       0x20 miscutils/lib.a(conspy.o)
 .text.set_cursor
                0x000000000002127c       0x4c miscutils/lib.a(conspy.o)
 .text.gotoxy   0x00000000000212c8       0x40 miscutils/lib.a(conspy.o)
 .text.screen_char
                0x0000000000021308      0x124 miscutils/lib.a(conspy.o)
 .text.screen_dump
                0x000000000002142c      0x104 miscutils/lib.a(conspy.o)
 .text.cleanup  0x0000000000021530       0x5c miscutils/lib.a(conspy.o)
 .text.screen_read_close
                0x000000000002158c      0x138 miscutils/lib.a(conspy.o)
 .text.conspy_main
                0x00000000000216c4      0x58c miscutils/lib.a(conspy.o)
                0x00000000000216c4                conspy_main
 .text.log8     0x0000000000021c50       0xc4 miscutils/lib.a(crond.o)
 .text.reopen_logfile_to_stderr
                0x0000000000021d14       0x38 miscutils/lib.a(crond.o)
 .text.delete_cronfile
                0x0000000000021d4c       0xc4 miscutils/lib.a(crond.o)
 .text.ParseField
                0x0000000000021e10      0x25c miscutils/lib.a(crond.o)
 .text.safe_setenv
                0x000000000002206c       0x44 miscutils/lib.a(crond.o)
 .text.log7.constprop.0
                0x00000000000220b0       0xcc miscutils/lib.a(crond.o)
 .text.log5     0x000000000002217c       0xc4 miscutils/lib.a(crond.o)
 .text.load_crontab
                0x0000000000022240      0x484 miscutils/lib.a(crond.o)
 .text.rescan_crontab_dir
                0x00000000000226c4       0xa8 miscutils/lib.a(crond.o)
 .text.fork_job
                0x000000000002276c      0x1f0 miscutils/lib.a(crond.o)
 .text.start_jobs
                0x000000000002295c      0x1e8 miscutils/lib.a(crond.o)
 .text.crond_main
                0x0000000000022b44      0x4d8 miscutils/lib.a(crond.o)
                0x0000000000022b44                crond_main
 .text.edit_file
                0x000000000002301c       0x9c miscutils/lib.a(crontab.o)
 .text.crontab_main
                0x00000000000230b8      0x2d4 miscutils/lib.a(crontab.o)
                0x00000000000230b8                crontab_main
 .text.devmem_main
                0x000000000002338c      0x268 miscutils/lib.a(devmem.o)
                0x000000000002338c                devmem_main
 .text.fb_pixel_value
                0x00000000000235f4       0x7c miscutils/lib.a(fbsplash.o)
 .text.fb_write_pixel
                0x0000000000023670       0x50 miscutils/lib.a(fbsplash.o)
 .text.fb_drawfullrectangle
                0x00000000000236c0       0x7c miscutils/lib.a(fbsplash.o)
 .text.fb_drawprogressbar
                0x000000000002373c      0x1d4 miscutils/lib.a(fbsplash.o)
 .text.fb_setpal
                0x0000000000023910       0xbc miscutils/lib.a(fbsplash.o)
 .text.fbsplash_main
                0x00000000000239cc      0x4f8 miscutils/lib.a(fbsplash.o)
                0x00000000000239cc                fbsplash_main
 .text.parse_opts
                0x0000000000023ec4       0x3c miscutils/lib.a(hdparm.o)
 .text.parse_opts_0_1
                0x0000000000023f00        0xc miscutils/lib.a(hdparm.o)
 .text.parse_opts_0_INTMAX
                0x0000000000023f0c        0xc miscutils/lib.a(hdparm.o)
 .text.translate_xfermode
                0x0000000000023f18       0x8c miscutils/lib.a(hdparm.o)
 .text.read_big_block
                0x0000000000023fa4       0x3c miscutils/lib.a(hdparm.o)
 .text.on_off   0x0000000000023fe0       0x1c miscutils/lib.a(hdparm.o)
 .text.mode_loop
                0x0000000000023ffc       0xb8 miscutils/lib.a(hdparm.o)
 .text.xprint_ascii
                0x00000000000240b4       0x88 miscutils/lib.a(hdparm.o)
 .text.print_value_on_off
                0x000000000002413c       0x30 miscutils/lib.a(hdparm.o)
 .text.bus_state_value
                0x000000000002416c       0x4c miscutils/lib.a(hdparm.o)
 .text.identify
                0x00000000000241b8     0x1218 miscutils/lib.a(hdparm.o)
 .text.identify_from_stdin
                0x00000000000253d0       0xac miscutils/lib.a(hdparm.o)
 .text.dump_identity
                0x000000000002547c      0x4ec miscutils/lib.a(hdparm.o)
 .text.seek_to_zero
                0x0000000000025968       0x10 miscutils/lib.a(hdparm.o)
 .text.flush_buffer_cache
                0x0000000000025978       0x68 miscutils/lib.a(hdparm.o)
 .text.do_time  0x00000000000259e0      0x1e4 miscutils/lib.a(hdparm.o)
 .text.print_flag_on_off.constprop.0
                0x0000000000025bc4       0x2c miscutils/lib.a(hdparm.o)
 .text.ioctl_alt_func.constprop.0
                0x0000000000025bf0       0x54 miscutils/lib.a(hdparm.o)
 .text.process_dev
                0x0000000000025c44      0xf0c miscutils/lib.a(hdparm.o)
 .text.hdparm_main
                0x0000000000026b50      0x4b8 miscutils/lib.a(hdparm.o)
                0x0000000000026b50                hdparm_main
 .text.format_line
                0x0000000000027008      0x140 miscutils/lib.a(hexedit.o)
 .text.redraw   0x0000000000027148      0x154 miscutils/lib.a(hexedit.o)
 .text.redraw_cur_line
                0x000000000002729c       0x9c miscutils/lib.a(hexedit.o)
 .text.restore_term
                0x0000000000027338       0x2c miscutils/lib.a(hexedit.o)
 .text.sig_catcher
                0x0000000000027364       0x34 miscutils/lib.a(hexedit.o)
 .text.remap    0x0000000000027398       0x90 miscutils/lib.a(hexedit.o)
 .text.move_mapping_further
                0x0000000000027428       0x68 miscutils/lib.a(hexedit.o)
 .text.move_mapping_lower
                0x0000000000027490       0x54 miscutils/lib.a(hexedit.o)
 .text.hexedit_main
                0x00000000000274e4      0x54c miscutils/lib.a(hexedit.o)
                0x00000000000274e4                hexedit_main
 .text.i2c_bus_lookup
                0x0000000000027a30       0x10 miscutils/lib.a(i2c_tools.o)
 .text.i2c_dev_open
                0x0000000000027a40       0xa8 miscutils/lib.a(i2c_tools.o)
 .text.get_funcs_matrix
                0x0000000000027ae8       0x14 miscutils/lib.a(i2c_tools.o)
 .text.i2c_set_slave_addr
                0x0000000000027afc       0x24 miscutils/lib.a(i2c_tools.o)
 .text.check_funcs_test_end
                0x0000000000027b20       0x40 miscutils/lib.a(i2c_tools.o)
 .text.check_read_funcs
                0x0000000000027b60      0x118 miscutils/lib.a(i2c_tools.o)
 .text.confirm_or_abort
                0x0000000000027c78       0x38 miscutils/lib.a(i2c_tools.o)
 .text.confirm_action
                0x0000000000027cb0       0x84 miscutils/lib.a(i2c_tools.o)
 .text.i2c_smbus_access
                0x0000000000027d34       0x54 miscutils/lib.a(i2c_tools.o)
 .text.i2c_smbus_read_byte
                0x0000000000027d88       0x54 miscutils/lib.a(i2c_tools.o)
 .text.i2c_smbus_read_word_data
                0x0000000000027ddc       0x58 miscutils/lib.a(i2c_tools.o)
 .text.i2c_smbus_read_byte_data
                0x0000000000027e34       0x58 miscutils/lib.a(i2c_tools.o)
 .text.list_i2c_busses_and_exit
                0x0000000000027e8c      0x250 miscutils/lib.a(i2c_tools.o)
 .text.i2cget_main
                0x00000000000280dc      0x208 miscutils/lib.a(i2c_tools.o)
                0x00000000000280dc                i2cget_main
 .text.i2cset_main
                0x00000000000282e4      0x5c0 miscutils/lib.a(i2c_tools.o)
                0x00000000000282e4                i2cset_main
 .text.i2cdump_main
                0x00000000000288a4      0x718 miscutils/lib.a(i2c_tools.o)
                0x00000000000288a4                i2cdump_main
 .text.i2cdetect_main
                0x0000000000028fbc      0x380 miscutils/lib.a(i2c_tools.o)
                0x0000000000028fbc                i2cdetect_main
 .text.i2ctransfer_main
                0x000000000002933c      0x3c4 miscutils/lib.a(i2c_tools.o)
                0x000000000002933c                i2ctransfer_main
 .text.at_end   0x0000000000029700       0x60 miscutils/lib.a(less.o)
 .text.safe_lineno
                0x0000000000029760       0x38 miscutils/lib.a(less.o)
 .text.opp_bracket
                0x0000000000029798       0x70 miscutils/lib.a(less.o)
 .text.sigwinch_handler
                0x0000000000029808       0x18 miscutils/lib.a(less.o)
 .text.set_tty_cooked
                0x0000000000029820       0x24 miscutils/lib.a(less.o)
 .text.clear_line
                0x0000000000029844       0x20 miscutils/lib.a(less.o)
 .text.restore_tty
                0x0000000000029864       0x28 miscutils/lib.a(less.o)
 .text.sig_catcher
                0x000000000002988c       0x14 miscutils/lib.a(less.o)
 .text.print_statusline
                0x00000000000298a0       0x34 miscutils/lib.a(less.o)
 .text.fill_match_lines
                0x00000000000298d4       0xa4 miscutils/lib.a(less.o)
 .text.read_lines
                0x0000000000029978      0x3b4 miscutils/lib.a(less.o)
 .text.goto_lineno
                0x0000000000029d2c       0xac miscutils/lib.a(less.o)
 .text.cap_cur_fline
                0x0000000000029dd8       0x8c miscutils/lib.a(less.o)
 .text.re_wrap  0x0000000000029e64      0x238 miscutils/lib.a(less.o)
 .text.less_exit
                0x000000000002a09c        0xc miscutils/lib.a(less.o)
 .text.update_num_lines
                0x000000000002a0a8      0x144 miscutils/lib.a(less.o)
 .text.m_status_print
                0x000000000002a1ec      0x168 miscutils/lib.a(less.o)
 .text.status_print
                0x000000000002a354       0x9c miscutils/lib.a(less.o)
 .text.buffer_print
                0x000000000002a3f0      0x418 miscutils/lib.a(less.o)
 .text.buffer_fill_and_print
                0x000000000002a808       0xcc miscutils/lib.a(less.o)
 .text.reinitialize
                0x000000000002a8d4       0xc4 miscutils/lib.a(less.o)
 .text.change_file
                0x000000000002a998       0x80 miscutils/lib.a(less.o)
 .text.buffer_down
                0x000000000002aa18       0x4c miscutils/lib.a(less.o)
 .text.buffer_up
                0x000000000002aa64       0x4c miscutils/lib.a(less.o)
 .text.buffer_to_line
                0x000000000002aab0       0x48 miscutils/lib.a(less.o)
 .text.goto_match
                0x000000000002aaf8       0x98 miscutils/lib.a(less.o)
 .text.getch_nowait
                0x000000000002ab90      0x160 miscutils/lib.a(less.o)
 .text.less_getch
                0x000000000002acf0       0x44 miscutils/lib.a(less.o)
 .text.less_gets
                0x000000000002ad34       0xe4 miscutils/lib.a(less.o)
 .text.examine_file
                0x000000000002ae18       0x88 miscutils/lib.a(less.o)
 .text.regex_process
                0x000000000002aea0      0x138 miscutils/lib.a(less.o)
 .text.less_main
                0x000000000002afd8      0xa88 miscutils/lib.a(less.o)
                0x000000000002afd8                less_main
 .text.get_line
                0x000000000002ba60       0x44 miscutils/lib.a(lsscsi.o)
 .text.lsscsi_main
                0x000000000002baa4      0x1cc miscutils/lib.a(lsscsi.o)
                0x000000000002baa4                lsscsi_main
 .text.makedevs_main
                0x000000000002bc70      0x474 miscutils/lib.a(makedevs.o)
                0x000000000002bc70                makedevs_main
 *fill*         0x000000000002c0e4        0x4 1f2003d5
 .text.makedevs_main.stub
                0x000000000002c0e8       0x10 linker stubs
 .text.if_redefined
                0x000000000002d0e8       0x68 miscutils/lib.a(man.o)
 .text.add_MANPATH
                0x000000000002d150       0xd0 miscutils/lib.a(man.o)
 .text.is_section_name
                0x000000000002d220       0x44 miscutils/lib.a(man.o)
 .text.run_pipe
                0x000000000002d264      0x1dc miscutils/lib.a(man.o)
 .text.show_manpage
                0x000000000002d440       0xec miscutils/lib.a(man.o)
 .text.man_main
                0x000000000002d52c      0x4a0 miscutils/lib.a(man.o)
                0x000000000002d52c                man_main
 .text.microcom_main
                0x000000000002d9cc      0x33c miscutils/lib.a(microcom.o)
                0x000000000002d9cc                microcom_main
 .text.mt_main  0x000000000002dd08      0x15c miscutils/lib.a(mt.o)
                0x000000000002dd08                mt_main
 .text.next_good_eraseblock
                0x000000000002de64      0x104 miscutils/lib.a(nandwrite.o)
 .text.dump_bad
                0x000000000002df68      0x108 miscutils/lib.a(nandwrite.o)
 .text.nandwrite_main
                0x000000000002e070      0x520 miscutils/lib.a(nandwrite.o)
                0x000000000002e070                nandwrite_main
 .text.partprobe_main
                0x000000000002e590       0x74 miscutils/lib.a(partprobe.o)
                0x000000000002e590                partprobe_main
 .text.raidautorun_main
                0x000000000002e604       0x34 miscutils/lib.a(raidautorun.o)
                0x000000000002e604                raidautorun_main
 .text.readahead_main
                0x000000000002e638       0x98 miscutils/lib.a(readahead.o)
                0x000000000002e638                readahead_main
 .text.runlevel_main
                0x000000000002e6d0       0x80 miscutils/lib.a(runlevel.o)
                0x000000000002e6d0                runlevel_main
 .text.sigalrm_handler
                0x000000000002e750        0x4 miscutils/lib.a(rx.o)
 .text.read_byte
                0x000000000002e754       0x6c miscutils/lib.a(rx.o)
 .text.rx_main  0x000000000002e7c0      0x3ec miscutils/lib.a(rx.o)
                0x000000000002e7c0                rx_main
 .text.seedrng_main
                0x000000000002ebac      0x42c miscutils/lib.a(seedrng.o)
                0x000000000002ebac                seedrng_main
 .text.setfattr_main
                0x000000000002efd8      0x12c miscutils/lib.a(setfattr.o)
                0x000000000002efd8                setfattr_main
 .text.index_in_strings_case_insensitive
                0x000000000002f104       0x58 miscutils/lib.a(setserial.o)
 .text.get_numeric
                0x000000000002f15c       0x18 miscutils/lib.a(setserial.o)
 .text.serial_ctl
                0x000000000002f174       0xb8 miscutils/lib.a(setserial.o)
 .text.setserial_main
                0x000000000002f22c      0x5e4 miscutils/lib.a(setserial.o)
                0x000000000002f22c                setserial_main
 .text.strings_main
                0x000000000002f810      0x200 miscutils/lib.a(strings.o)
                0x000000000002f810                strings_main
 .text.ptok     0x000000000002fa10       0x28 miscutils/lib.a(time.o)
 .text.run_command
                0x000000000002fa38       0xf4 miscutils/lib.a(time.o)
 .text.time_main
                0x000000000002fb2c      0x49c miscutils/lib.a(time.o)
                0x000000000002fb2c                time_main
 .text.tree_print
                0x000000000002ffc8      0x228 miscutils/lib.a(tree.o)
 .text.tree_main
                0x00000000000301f0       0xa8 miscutils/lib.a(tree.o)
                0x00000000000301f0                tree_main
 .text.ts_main  0x0000000000030298      0x204 miscutils/lib.a(ts.o)
                0x0000000000030298                ts_main
 .text.ttysize_main
                0x000000000003049c      0x11c miscutils/lib.a(ttysize.o)
                0x000000000003049c                ttysize_main
 .text.get_num_from_file
                0x00000000000305b8       0xac miscutils/lib.a(ubi_tools.o)
 .text.ubi_tools_main
                0x0000000000030664      0x508 miscutils/lib.a(ubi_tools.o)
                0x0000000000030664                ubi_tools_main
 .text.ubirename_main
                0x0000000000030b6c      0x11c miscutils/lib.a(ubirename.o)
                0x0000000000030b6c                ubirename_main
 .text.volname_main
                0x0000000000030c88       0xa8 miscutils/lib.a(volname.o)
                0x0000000000030c88                volname_main
 .text.shutdown_on_signal
                0x0000000000030d30       0x30 miscutils/lib.a(watchdog.o)
 .text.watchdog_main
                0x0000000000030d60      0x13c miscutils/lib.a(watchdog.o)
                0x0000000000030d60                watchdog_main
 .text.display  0x0000000000030e9c       0x84 modutils/lib.a(modinfo.o)
 .text.modinfo  0x0000000000030f20      0x200 modutils/lib.a(modinfo.o)
 .text.modinfo_main
                0x0000000000031120      0x1bc modutils/lib.a(modinfo.o)
                0x0000000000031120                modinfo_main
 .text.replace  0x00000000000312dc       0x28 modutils/lib.a(modprobe-small.o)
 .text.filename2modname
                0x0000000000031304       0x4c modutils/lib.a(modprobe-small.o)
 .text.moderror
                0x0000000000031350       0x5c modutils/lib.a(modprobe-small.o)
 .text.load_dep_bb
                0x00000000000313ac      0x120 modutils/lib.a(modprobe-small.o)
 .text.find_keyword
                0x00000000000314cc       0x84 modutils/lib.a(modprobe-small.o)
 .text.copy_stringbuf
                0x0000000000031550       0x28 modutils/lib.a(modprobe-small.o)
 .text.append   0x0000000000031578       0x74 modutils/lib.a(modprobe-small.o)
 .text.rmmod    0x00000000000315ec       0x88 modutils/lib.a(modprobe-small.o)
 .text.str_2_list
                0x0000000000031674       0x58 modutils/lib.a(modprobe-small.o)
 .text.load_module
                0x00000000000316cc       0xe8 modutils/lib.a(modprobe-small.o)
 .text.parse_module
                0x00000000000317b4      0x240 modutils/lib.a(modprobe-small.o)
 .text.find_alias
                0x00000000000319f4      0x318 modutils/lib.a(modprobe-small.o)
 .text.process_module
                0x0000000000031d0c      0x35c modutils/lib.a(modprobe-small.o)
 .text.fileAction
                0x0000000000032068      0x120 modutils/lib.a(modprobe-small.o)
 .text.lsmod_main
                0x0000000000032188       0x20 modutils/lib.a(modprobe-small.o)
                0x0000000000032188                lsmod_main
 .text.modprobe_main
                0x00000000000321a8      0x28c modutils/lib.a(modprobe-small.o)
                0x00000000000321a8                modprobe_main
 .text.filename2modname
                0x0000000000032434       0xac modutils/lib.a(modutils.o)
                0x0000000000032434                filename2modname
 .text.arp_show
                0x00000000000324e0      0x344 networking/lib.a(arp.o)
 .text.arp_main
                0x0000000000032824      0x5ec networking/lib.a(arp.o)
                0x0000000000032824                arp_main
 .text.finish   0x0000000000032e10       0x74 networking/lib.a(arping.o)
 .text.catcher  0x0000000000032e84      0x1a0 networking/lib.a(arping.o)
 .text.arping_main
                0x0000000000033024      0x6ec networking/lib.a(arping.o)
                0x0000000000033024                arping_main
 .text.read_file
                0x0000000000033710       0x54 networking/lib.a(brctl.o)
 .text.compare_fdbs
                0x0000000000033764        0x8 networking/lib.a(brctl.o)
 .text.printf_xstrtou
                0x000000000003376c       0x2c networking/lib.a(brctl.o)
 .text.show_bridge_timer
                0x0000000000033798       0x3c networking/lib.a(brctl.o)
 .text.show_bridge_port
                0x00000000000337d4      0x344 networking/lib.a(brctl.o)
 .text.write_uint
                0x0000000000033b18       0xc4 networking/lib.a(brctl.o)
 .text.show_bridge
                0x0000000000033bdc      0x1d8 networking/lib.a(brctl.o)
 .text.brctl_main
                0x0000000000033db4      0x77c networking/lib.a(brctl.o)
                0x0000000000033db4                brctl_main
 .text.undot    0x0000000000034530       0x54 networking/lib.a(dnsd.o)
 .text.dnsd_main
                0x0000000000034584      0x5b4 networking/lib.a(dnsd.o)
                0x0000000000034584                dnsd_main
 .text.ether_wake_main
                0x0000000000034b38      0x2d4 networking/lib.a(ether-wake.o)
                0x0000000000034b38                ether_wake_main
 .text.verbose_log
                0x0000000000034e0c       0x2c networking/lib.a(ftpd.o)
 .text.cmdio_get_cmd_and_arg
                0x0000000000034e38      0x19c networking/lib.a(ftpd.o)
 .text.cmdio_write_ok
                0x0000000000034fd4       0x50 networking/lib.a(ftpd.o)
 .text.cmdio_write_error
                0x0000000000035024       0x4c networking/lib.a(ftpd.o)
 .text.escape_text
                0x0000000000035070       0xc0 networking/lib.a(ftpd.o)
 .text.cmdio_write
                0x0000000000035130       0x84 networking/lib.a(ftpd.o)
 .text.handle_cwd
                0x00000000000351b4       0x48 networking/lib.a(ftpd.o)
 .text.port_pasv_cleanup
                0x00000000000351fc       0x38 networking/lib.a(ftpd.o)
 .text.get_remote_transfer_fd
                0x0000000000035234       0x80 networking/lib.a(ftpd.o)
 .text.bind_for_passive_mode
                0x00000000000352b4       0x90 networking/lib.a(ftpd.o)
 .text.cmdio_write_raw
                0x0000000000035344       0x3c networking/lib.a(ftpd.o)
 .text.timeout_handler
                0x0000000000035380       0x7c networking/lib.a(ftpd.o)
 .text.port_or_pasv_was_seen
                0x00000000000353fc       0x40 networking/lib.a(ftpd.o)
 .text.handle_upload_common
                0x000000000003543c      0x190 networking/lib.a(ftpd.o)
 .text.handle_dir_common
                0x00000000000355cc      0x1e8 networking/lib.a(ftpd.o)
 .text.ftpd_main
                0x00000000000357b4      0xa18 networking/lib.a(ftpd.o)
                0x00000000000357b4                ftpd_main
 .text.ftp_die  0x00000000000361cc       0x64 networking/lib.a(ftpgetput.o)
 .text.ftpcmd   0x0000000000036230       0xec networking/lib.a(ftpgetput.o)
 .text.xconnect_ftpdata
                0x000000000003631c       0x74 networking/lib.a(ftpgetput.o)
 .text.pump_data_and_QUIT
                0x0000000000036390       0x70 networking/lib.a(ftpgetput.o)
 .text.ftp_receive
                0x0000000000036400      0x180 networking/lib.a(ftpgetput.o)
 .text.ftp_send